Component: ARM Compiler 5.06 update 7 (build 960) Tool: armlink [4d3601]

==============================================================================

Section Cross References

    startup_lpc17xx.o(STACK) refers (Special) to heapauxi.o(.text) for __use_two_region_memory
    startup_lpc17xx.o(HEAP) refers (Special) to heapauxi.o(.text) for __use_two_region_memory
    startup_lpc17xx.o(RESET) refers (Special) to heapauxi.o(.text) for __use_two_region_memory
    startup_lpc17xx.o(RESET) refers to startup_lpc17xx.o(STACK) for __initial_sp
    startup_lpc17xx.o(RESET) refers to startup_lpc17xx.o(.text) for Reset_Handler
    startup_lpc17xx.o(RESET) refers to irq_timer.o(.text) for TIMER0_IRQHandler
    startup_lpc17xx.o(RESET) refers to irq_buttons.o(.text) for EINT0_IRQHandler
    startup_lpc17xx.o(RESET) refers to irq_can.o(.text) for CAN_IRQHandler
    startup_lpc17xx.o(RESET) refers to irq_rit.o(.text) for RIT_IRQHandler
    startup_lpc17xx.o(.ARM.__at_0x02FC) refers (Special) to heapauxi.o(.text) for __use_two_region_memory
    startup_lpc17xx.o(.text) refers (Special) to heapauxi.o(.text) for __use_two_region_memory
    startup_lpc17xx.o(.text) refers to __main.o(!!!main) for __main
    startup_lpc17xx.o(.text) refers to startup_lpc17xx.o(HEAP) for Heap_Mem
    startup_lpc17xx.o(.text) refers to startup_lpc17xx.o(STACK) for Stack_Mem
    main.o(.text) refers to system_lpc17xx.o(.text) for SystemInit
    main.o(.text) refers to buttons.o(.text) for BUTTON_init
    main.o(.text) refers to joystick.o(.text) for joystick_init
    main.o(.text) refers to lib_can.o(.text) for CAN_Init
    main.o(.text) refers to lib_rit.o(.text) for init_RIT
    main.o(.text) refers to lib_timer.o(.text) for init_timer
    main.o(.text) refers to lcd_utils.o(.text) for LCD_init
    main.o(.text) refers to glcd.o(.text) for LCD_DrawLine
    system_lpc17xx.o(.text) refers to system_lpc17xx.o(.data) for SystemFrequency
    irq_timer.o(.text) refers to game_utils.o(.text) for save_skipped_move
    irq_timer.o(.text) refers to lcd_utils.o(.text) for LCD_draw_wall
    irq_timer.o(.text) refers to glcd.o(.text) for LCD_DrawLine
    irq_timer.o(.text) refers to game_utils.o(.data) for turn_time_left
    irq_timer.o(.text) refers to can_utils.o(.data) for this_board_player_id
    lib_timer.o(.text) refers to timers_utils.o(.text) for get_match_for_timer
    asciilib.o(.text) refers to rt_memcpy_v6.o(.text) for __aeabi_memcpy
    asciilib.o(.text) refers to asciilib.o(.constdata) for AsciiLib
    glcd.o(.text) refers to glcd.o(.data) for LCD_Code
    glcd.o(.text) refers to asciilib.o(.text) for GetASCIICode
    hzlib.o(.text) refers to rt_memcpy_v6.o(.text) for __aeabi_memcpy
    hzlib.o(.text) refers to hzlib.o(.constdata) for HzLib
    lcd_utils.o(.text) refers to _printf_pad.o(.text) for _printf_pre_padding
    lcd_utils.o(.text) refers to _printf_percent.o(.ARM.Collect$$_printf_percent$$00000000) for _printf_percent
    lcd_utils.o(.text) refers to _printf_d.o(.ARM.Collect$$_printf_percent$$00000009) for _printf_d
    lcd_utils.o(.text) refers to _printf_s.o(.ARM.Collect$$_printf_percent$$00000014) for _printf_s
    lcd_utils.o(.text) refers to _printf_dec.o(.text) for _printf_int_dec
    lcd_utils.o(.text) refers to _printf_str.o(.text) for _printf_str
    lcd_utils.o(.text) refers to glcd.o(.text) for LCD_DrawLine
    lcd_utils.o(.text) refers to rt_memcpy_w.o(.text) for __aeabi_memcpy4
    lcd_utils.o(.text) refers to game_utils.o(.text) for get_index_13matrix_from_7matrix
    lcd_utils.o(.text) refers to lcd_utils.o(.bss) for buf
    lcd_utils.o(.text) refers to lcd_utils.o(.constdata) for .constdata
    lcd_utils.o(.text) refers to game_utils.o(.bss) for game_matrix
    lcd_utils.o(.text) refers to lib_timer.o(.text) for init_timer
    lcd_utils.o(.text) refers to noretval__2sprintf.o(.text) for __2sprintf
    lcd_utils.o(.text) refers to game_utils.o(.data) for is_board_choice
    lcd_utils.o(.text) refers to can_utils.o(.data) for remote_board_status
    game_utils.o(.text) refers to lib_timer.o(.text) for disable_timer
    game_utils.o(.text) refers to glcd.o(.text) for LCD_DrawLine
    game_utils.o(.text) refers to game_utils.o(.bss) for game_matrix
    game_utils.o(.text) refers to lcd_utils.o(.text) for LCD_draw_wall
    game_utils.o(.text) refers to game_utils.o(.data) for tmp_wall_position
    game_utils.o(.text) refers to rand.o(.emb_text) for rand
    game_utils.o(.text) refers to joystick.o(.text) for JOYSEL_Callback
    game_utils.o(.text) refers to lib_can.o(.text) for CAN_wrMsg
    game_utils.o(.text) refers to can_utils.o(.data) for this_board_player_id
    game_utils.o(.text) refers to lib_can.o(.bss) for CAN_TxMsg
    timers_utils.o(.text) refers to dflt_clz.o(x$fpl$dfltu) for __aeabi_ui2d
    timers_utils.o(.text) refers to ddiv.o(x$fpl$ddiv) for __aeabi_ddiv
    timers_utils.o(.text) refers to dmul.o(x$fpl$dmul) for __aeabi_dmul
[...]
    __rtentry2.o(.ARM.Collect$$rtentry$$0000000B) refers to boardinit3.o(.text) for _platform_post_lib_init
    __rtentry2.o(.ARM.Collect$$rtentry$$0000000D) refers to main.o(.text) for main
    __rtentry2.o(.ARM.Collect$$rtentry$$0000000D) refers to exit.o(.text) for exit
    __rtentry2.o(.ARM.exidx) refers to __rtentry2.o(.ARM.Collect$$rtentry$$00000001) for .ARM.Collect$$rtentry$$00000001
    __rtentry2.o(.ARM.exidx) refers to __rtentry2.o(.ARM.Collect$$rtentry$$00000008) for .ARM.Collect$$rtentry$$00000008
    __rtentry2.o(.ARM.exidx) refers to __rtentry2.o(.ARM.Collect$$rtentry$$0000000A) for .ARM.Collect$$rtentry$$0000000A
    __rtentry2.o(.ARM.exidx) refers to __rtentry2.o(.ARM.Collect$$rtentry$$0000000B) for .ARM.Collect$$rtentry$$0000000B
    __rtentry2.o(.ARM.exidx) refers to __rtentry2.o(.ARM.Collect$$rtentry$$0000000D) for .ARM.Collect$$rtentry$$0000000D
    __rtentry4.o(.ARM.Collect$$rtentry$$00000004) refers to sys_stackheap_outer.o(.text) for __user_setup_stackheap
    __rtentry4.o(.ARM.exidx) refers to __rtentry4.o(.ARM.Collect$$rtentry$$00000004) for .ARM.Collect$$rtentry$$00000004
    argv_veneer.o(.emb_text) refers to no_argv.o(.text) for __ARM_get_argv
    sys_stackheap_outer.o(.text) refers to libspace.o(.text) for __user_perproc_libspace
    sys_stackheap_outer.o(.text) refers to startup_lpc17xx.o(.text) for __user_initial_stackheap
    exit.o(.text) refers to rtexit.o(.ARM.Collect$$rtexit$$00000000) for __rt_exit
    _get_argv_nomalloc.o(.text) refers (Special) to hrguard.o(.text) for __heap_region$guard
    _get_argv_nomalloc.o(.text) refers to defsig_rtmem_outer.o(.text) for __rt_SIGRTMEM
    _get_argv_nomalloc.o(.text) refers to sys_command.o(.text) for _sys_command_string
    libinit.o(.ARM.Collect$$libinit$$00000000) refers (Special) to libinit2.o(.ARM.Collect$$libinit$$0000002E) for __rt_lib_init_alloca_1
    libinit.o(.ARM.Collect$$libinit$$00000000) refers (Special) to libinit2.o(.ARM.Collect$$libinit$$0000002C) for __rt_lib_init_argv_1
    libinit.o(.ARM.Collect$$libinit$$00000000) refers (Special) to libinit2.o(.ARM.Collect$$libinit$$0000001B) for __rt_lib_init_atexit_1
    libinit.o(.ARM.Collect$$libinit$$00000000) refers (Special) to libinit2.o(.ARM.Collect$$libinit$$00000021) for __rt_lib_init_clock_1
    libinit.o(.ARM.Collect$$libinit$$00000000) refers (Special) to libinit2.o(.ARM.Collect$$libinit$$00000032) for __rt_lib_init_cpp_1
    libinit.o(.ARM.Collect$$libinit$$00000000) refers (Special) to libinit2.o(.ARM.Collect$$libinit$$00000030) for __rt_lib_init_exceptions_1
    libinit.o(.ARM.Collect$$libinit$$00000000) refers (Special) to libinit2.o(.ARM.Collect$$libinit$$00000002) for __rt_lib_init_fp_1
    libinit.o(.ARM.Collect$$libinit$$00000000) refers (Special) to libinit2.o(.ARM.Collect$$libinit$$0000001F) for __rt_lib_init_fp_trap_1
    libinit.o(.ARM.Collect$$libinit$$00000000) refers (Special) to libinit2.o(.ARM.Collect$$libinit$$00000023) for __rt_lib_init_getenv_1
    libinit.o(.ARM.Collect$$libinit$$00000000) refers (Special) to libinit2.o(.ARM.Collect$$libinit$$0000000A) for __rt_lib_init_heap_1
    libinit.o(.ARM.Collect$$libinit$$00000000) refers (Special) to libinit2.o(.ARM.Collect$$libinit$$00000011) for __rt_lib_init_lc_collate_1
    libinit.o(.ARM.Collect$$libinit$$00000000) refers (Special) to libinit2.o(.ARM.Collect$$libinit$$00000013) for __rt_lib_init_lc_ctype_1
    libinit.o(.ARM.Collect$$libinit$$00000000) refers (Special) to libinit2.o(.ARM.Collect$$libinit$$00000015) for __rt_lib_init_lc_monetary_1
    libinit.o(.ARM.Collect$$libinit$$00000000) refers (Special) to libinit2.o(.ARM.Collect$$libinit$$00000017) for __rt_lib_init_lc_numeric_1
    libinit.o(.ARM.Collect$$libinit$$00000000) refers (Special) to libinit2.o(.ARM.Collect$$libinit$$00000019) for __rt_lib_init_lc_time_1
    libinit.o(.ARM.Collect$$libinit$$00000000) refers (Special) to libinit2.o(.ARM.Collect$$libinit$$00000004) for __rt_lib_init_preinit_1
    libinit.o(.ARM.Collect$$libinit$$00000000) refers (Special) to libinit2.o(.ARM.Collect$$libinit$$0000000E) for __rt_lib_init_rand_1
    libinit.o(.ARM.Collect$$libinit$$00000000) refers (Special) to libinit2.o(.ARM.Collect$$libinit$$00000033) for __rt_lib_init_return
    libinit.o(.ARM.Collect$$libinit$$00000000) refers (Special) to libinit2.o(.ARM.Collect$$libinit$$0000001D) for __rt_lib_init_signal_1
    libinit.o(.ARM.Collect$$libinit$$00000000) refers (Special) to libinit2.o(.ARM.Collect$$libinit$$00000025) for __rt_lib_init_stdio_1
    libinit.o(.ARM.Collect$$libinit$$00000000) refers (Special) to libinit2.o(.ARM.Collect$$libinit$$0000000C) for __rt_lib_init_user_alloc_1
    sys_command.o(.text) refers (Special) to use_no_semi.o(.text) for __I$use$semihosting
    sys_command.o(.text) refers (Special) to indicate_semi.o(.text) for __semihosting_library_function
    libspace.o(.text) refers to libspace.o(.bss) for __libspace_start
    rtexit.o(.ARM.Collect$$rtexit$$00000000) refers (Special) to rtexit2.o(.ARM.Collect$$rtexit$$00000004) for __rt_exit_exit
    rtexit.o(.ARM.Collect$$rtexit$$00000000) refers (Special) to rtexit2.o(.ARM.Collect$$rtexit$$00000003) for __rt_exit_ls
    rtexit.o(.ARM.Collect$$rtexit$$00000000) refers (Special) to rtexit2.o(.ARM.Collect$$rtexit$$00000002) for __rt_exit_prels_1
    rtexit.o(.ARM.exidx) refers (Special) to rtexit2.o(.ARM.Collect$$rtexit$$00000004) for __rt_exit_exit
    rtexit.o(.ARM.exidx) refers (Special) to rtexit2.o(.ARM.Collect$$rtexit$$00000003) for __rt_exit_ls
    rtexit.o(.ARM.exidx) refers (Special) to rtexit2.o(.ARM.Collect$$rtexit$$00000002) for __rt_exit_prels_1
    rtexit.o(.ARM.exidx) refers to rtexit.o(.ARM.Collect$$rtexit$$00000000) for .ARM.Collect$$rtexit$$00000000
    defsig_rtmem_outer.o(.text) refers to defsig_rtmem_inner.o(.text) for __rt_SIGRTMEM_inner
    defsig_rtmem_outer.o(.text) refers to defsig_exit.o(.text) for __sig_exit
    defsig_rtmem_formal.o(.text) refers to rt_raise.o(.text) for __rt_raise
    rtexit2.o(.ARM.Collect$$rtexit$$00000003) refers to libshutdown.o(.ARM.Collect$$libshutdown$$00000000) for __rt_lib_shutdown
    rtexit2.o(.ARM.Collect$$rtexit$$00000004) refers to sys_exit.o(.text) for _sys_exit
    rtexit2.o(.ARM.exidx) refers to rtexit2.o(.ARM.Collect$$rtexit$$00000001) for .ARM.Collect$$rtexit$$00000001
    rtexit2.o(.ARM.exidx) refers to rtexit2.o(.ARM.Collect$$rtexit$$00000003) for .ARM.Collect$$rtexit$$00000003
    rtexit2.o(.ARM.exidx) refers to rtexit2.o(.ARM.Collect$$rtexit$$00000004) for .ARM.Collect$$rtexit$$00000004
    rt_raise.o(.text) refers to __raise.o(.text) for __raise
    rt_raise.o(.text) refers to sys_exit.o(.text) for _sys_exit
    defsig_exit.o(.text) refers to sys_exit.o(.text) for _sys_exit
    defsig_rtmem_inner.o(.text) refers to defsig_general.o(.text) for __default_signal_display
    sys_exit.o(.text) refers (Special) to use_no_semi.o(.text) for __I$use$semihosting
    sys_exit.o(.text) refers (Special) to indicate_semi.o(.text) for __semihosting_library_function
    __raise.o(.text) refers to defsig.o(CL$$defsig) for __default_signal_handler
    defsig_general.o(.text) refers to sys_wrch.o(.text) for _ttywrch
    libshutdown.o(.ARM.Collect$$libshutdown$$00000000) refers (Special) to libshutdown2.o(.ARM.Collect$$libshutdown$$00000004) for __rt_lib_shutdown_cpp_1
    libshutdown.o(.ARM.Collect$$libshutdown$$00000000) refers (Special) to libshutdown2.o(.ARM.Collect$$libshutdown$$00000002) for __rt_lib_shutdown_fini_1
    libshutdown.o(.ARM.Collect$$libshutdown$$00000000) refers (Special) to libshutdown2.o(.ARM.Collect$$libshutdown$$00000009) for __rt_lib_shutdown_fp_trap_1
    libshutdown.o(.ARM.Collect$$libshutdown$$00000000) refers (Special) to libshutdown2.o(.ARM.Collect$$libshutdown$$00000011) for __rt_lib_shutdown_heap_1
    libshutdown.o(.ARM.Collect$$libshutdown$$00000000) refers (Special) to libshutdown2.o(.ARM.Collect$$libshutdown$$00000012) for __rt_lib_shutdown_return
    libshutdown.o(.ARM.Collect$$libshutdown$$00000000) refers (Special) to libshutdown2.o(.ARM.Collect$$libshutdown$$0000000C) for __rt_lib_shutdown_signal_1
    libshutdown.o(.ARM.Collect$$libshutdown$$00000000) refers (Special) to libshutdown2.o(.ARM.Collect$$libshutdown$$00000006) for __rt_lib_shutdown_stdio_1
    libshutdown.o(.ARM.Collect$$libshutdown$$00000000) refers (Special) to libshutdown2.o(.ARM.Collect$$libshutdown$$0000000E) for __rt_lib_shutdown_user_alloc_1
    sys_wrch.o(.text) refers (Special) to use_no_semi.o(.text) for __I$use$semihosting
    sys_wrch.o(.text) refers (Special) to indicate_semi.o(.text) for __semihosting_library_function
    defsig.o(CL$$defsig) refers to defsig_rtmem_inner.o(.text) for __rt_SIGRTMEM_inner
    defsig_abrt_inner.o(.text) refers to defsig_general.o(.text) for __default_signal_display
    defsig_fpe_inner.o(.text) refers to defsig_general.o(.text) for __default_signal_display
    defsig_rtred_inner.o(.text) refers to defsig_general.o(.text) for __default_signal_display
    defsig_stak_inner.o(.text) refers to defsig_general.o(.text) for __default_signal_display
    defsig_pvfn_inner.o(.text) refers to defsig_general.o(.text) for __default_signal_display
    defsig_cppl_inner.o(.text) refers to defsig_general.o(.text) for __default_signal_display
    defsig_segv_inner.o(.text) refers to defsig_general.o(.text) for __default_signal_display
    defsig_other.o(.text) refers to defsig_general.o(.text) for __default_signal_display


==============================================================================

Removing Unused input sections from the image.

    Removing main.o(.rev16_text), (4 bytes).
    Removing main.o(.revsh_text), (4 bytes).
    Removing main.o(.rrx_text), (6 bytes).
    Removing core_cm3.o(.emb_text), (32 bytes).
    Removing system_lpc17xx.o(.rev16_text), (4 bytes).
    Removing system_lpc17xx.o(.revsh_text), (4 bytes).
    Removing system_lpc17xx.o(.rrx_text), (6 bytes).
    Removing irq_timer.o(.rev16_text), (4 bytes).
    Removing irq_timer.o(.revsh_text), (4 bytes).
    Removing irq_timer.o(.rrx_text), (6 bytes).
    Removing lib_timer.o(.rev16_text), (4 bytes).
    Removing lib_timer.o(.revsh_text), (4 bytes).
    Removing lib_timer.o(.rrx_text), (6 bytes).
    Removing glcd.o(.rev16_text), (4 bytes).
    Removing glcd.o(.revsh_text), (4 bytes).
    Removing glcd.o(.rrx_text), (6 bytes).
    Removing hzlib.o(.text), (52 bytes).
    Removing hzlib.o(.constdata), (216576 bytes).
    Removing lcd_utils.o(.rev16_text), (4 bytes).
    Removing lcd_utils.o(.revsh_text), (4 bytes).
    Removing lcd_utils.o(.rrx_text), (6 bytes).
    Removing game_utils.o(.rev16_text), (4 bytes).
    Removing game_utils.o(.revsh_text), (4 bytes).
    Removing game_utils.o(.rrx_text), (6 bytes).
    Removing timers_utils.o(.rev16_text), (4 bytes).
    Removing timers_utils.o(.revsh_text), (4 bytes).
    Removing timers_utils.o(.rrx_text), (6 bytes).
    Removing can_utils.o(.rev16_text), (4 bytes).
    Removing can_utils.o(.revsh_text), (4 bytes).
    Removing can_utils.o(.rrx_text), (6 bytes).
    Removing buttons.o(.rev16_text), (4 bytes).
    Removing buttons.o(.revsh_text), (4 bytes).
    Removing buttons.o(.rrx_text), (6 bytes).
    Removing irq_buttons.o(.rev16_text), (4 bytes).
    Removing irq_buttons.o(.revsh_text), (4 bytes).
    Removing irq_buttons.o(.rrx_text), (6 bytes).
    Removing irq_rit.o(.rev16_text), (4 bytes).
    Removing irq_rit.o(.revsh_text), (4 bytes).
    Removing irq_rit.o(.rrx_text), (6 bytes).
    Removing lib_rit.o(.rev16_text), (4 bytes).
    Removing lib_rit.o(.revsh_text), (4 bytes).
    Removing lib_rit.o(.rrx_text), (6 bytes).
    Removing joystick.o(.rev16_text), (4 bytes).
    Removing joystick.o(.revsh_text), (4 bytes).
    Removing joystick.o(.rrx_text), (6 bytes).
    Removing lib_can.o(.rev16_text), (4 bytes).
    Removing lib_can.o(.revsh_text), (4 bytes).
    Removing lib_can.o(.rrx_text), (6 bytes).
    Removing can_callbacks.o(.rev16_text), (4 bytes).
    Removing can_callbacks.o(.revsh_text), (4 bytes).
    Removing can_callbacks.o(.rrx_text), (6 bytes).
    Removing irq_can.o(.rev16_text), (4 bytes).
    Removing irq_can.o(.revsh_text), (4 bytes).
    Removing irq_can.o(.rrx_text), (6 bytes).

54 unused section(s) (total 216898 bytes) removed from the image.

==============================================================================

Image Symbol Table

    Local Symbols

    Symbol Name                              Value     Ov Type        Size  Object(Section)

    RESET                                    0x00000000   Section      204  startup_lpc17xx.o(RESET)
    ../clib/angel/boardlib.s                 0x00000000   Number         0  boardshut.o ABSOLUTE
    ../clib/angel/boardlib.s                 0x00000000   Number         0  boardinit3.o ABSOLUTE
    ../clib/angel/boardlib.s                 0x00000000   Number         0  boardinit1.o ABSOLUTE
    ../clib/angel/boardlib.s                 0x00000000   Number         0  boardinit2.o ABSOLUTE
    ../clib/angel/handlers.s                 0x00000000   Number         0  __scatter_zi.o ABSOLUTE
    ../clib/angel/handlers.s                 0x00000000   Number         0  __scatter_copy.o ABSOLUTE
    ../clib/angel/kernel.s                   0x00000000   Number         0  __rtentry.o ABSOLUTE
    ../clib/angel/kernel.s                   0x00000000   Number         0  __rtentry2.o ABSOLUTE
    ../clib/angel/kernel.s                   0x00000000   Number         0  __rtentry4.o ABSOLUTE
    ../clib/angel/kernel.s                   0x00000000   Number         0  rtexit.o ABSOLUTE
    ../clib/angel/kernel.s                   0x00000000   Number         0  rtexit2.o ABSOLUTE
    ../clib/angel/rt.s                       0x00000000   Number         0  rt_raise.o ABSOLUTE
    ../clib/angel/scatter.s                  0x00000000   Number         0  __scatter.o ABSOLUTE
    ../clib/angel/startup.s                  0x00000000   Number         0  __main.o ABSOLUTE
    ../clib/angel/sys.s                      0x00000000   Number         0  sys_stackheap_outer.o ABSOLUTE
    ../clib/angel/sys.s                      0x00000000   Number         0  libspace.o ABSOLUTE
    ../clib/angel/sys.s                      0x00000000   Number         0  use_no_semi.o ABSOLUTE
    ../clib/angel/sys.s                      0x00000000   Number         0  indicate_semi.o ABSOLUTE
    ../clib/angel/sysapp.c                   0x00000000   Number         0  sys_wrch.o ABSOLUTE
    ../clib/angel/sysapp.c                   0x00000000   Number         0  sys_command.o ABSOLUTE
    ../clib/angel/sysapp.c                   0x00000000   Number         0  sys_exit.o ABSOLUTE
    ../clib/armsys.c                         0x00000000   Number         0  argv_veneer.o ABSOLUTE
    ../clib/armsys.c                         0x00000000   Number         0  no_argv.o ABSOLUTE
    ../clib/armsys.c                         0x00000000   Number         0  _get_argv_nomalloc.o ABSOLUTE
    ../clib/armsys.c                         0x00000000   Number         0  argv_veneer.o ABSOLUTE
    ../clib/heapalloc.c                      0x00000000   Number         0  hrguard.o ABSOLUTE
    ../clib/heapaux.c                        0x00000000   Number         0  heapauxi.o ABSOLUTE
    ../clib/libinit.s                        0x00000000   Number         0  libinit.o ABSOLUTE
    ../clib/libinit.s                        0x00000000   Number         0  libshutdown2.o ABSOLUTE
    ../clib/libinit.s                        0x00000000   Number         0  libshutdown.o ABSOLUTE
    ../clib/libinit.s                        0x00000000   Number         0  libinit2.o ABSOLUTE
    ../clib/memcpset.s                       0x00000000   Number         0  rt_memcpy_v6.o ABSOLUTE
    ../clib/memcpset.s                       0x00000000   Number         0  rt_memcpy_w.o ABSOLUTE
    ../clib/misc.s                           0x00000000   Number         0  printf_stubs.o ABSOLUTE
    ../clib/printf.c                         0x00000000   Number         0  _printf_char.o ABSOLUTE
    ../clib/printf.c                         0x00000000   Number         0  __printf_nopercent.o ABSOLUTE
    ../clib/printf.c                         0x00000000   Number         0  _printf_char_common.o ABSOLUTE
    ../clib/printf.c                         0x00000000   Number         0  _printf_intcommon.o ABSOLUTE
    ../clib/printf.c                         0x00000000   Number         0  _sputc.o ABSOLUTE
    ../clib/printf.c                         0x00000000   Number         0  _printf_dec.o ABSOLUTE
    ../clib/printf.c                         0x00000000   Number         0  _printf_str.o ABSOLUTE
    ../clib/printf.c                         0x00000000   Number         0  _printf_pad.o ABSOLUTE
    ../clib/printf.c                         0x00000000   Number         0  __printf_flags_ss_wp.o ABSOLUTE
    ../clib/printf.c                         0x00000000   Number         0  __printf_ss_wp.o ABSOLUTE
    ../clib/printf.c                         0x00000000   Number         0  __printf.o ABSOLUTE
    ../clib/printf.c                         0x00000000   Number         0  noretval__2sprintf.o ABSOLUTE
    ../clib/printf.c                         0x00000000   Number         0  __2sprintf.o ABSOLUTE
    ../clib/printf.c                         0x00000000   Number         0  __printf_flags_wp.o ABSOLUTE
    ../clib/printf.c                         0x00000000   Number         0  __printf_wp.o ABSOLUTE
    ../clib/printf.c                         0x00000000   Number         0  __printf_flags_ss.o ABSOLUTE
    ../clib/printf.c                         0x00000000   Number         0  __printf_ss.o ABSOLUTE
    ../clib/printf.c                         0x00000000   Number         0  __printf_flags.o ABSOLUTE
    ../clib/printf_percent.s                 0x00000000   Number         0  _printf_percent_end.o ABSOLUTE
    ../clib/printf_percent.s                 0x00000000   Number         0  _printf_percent.o ABSOLUTE
    ../clib/printf_percent.s                 0x00000000   Number         0  _printf_d.o ABSOLUTE
    ../clib/printf_percent.s                 0x00000000   Number         0  _printf_s.o ABSOLUTE
    ../clib/signal.c                         0x00000000   Number         0  defsig_other.o ABSOLUTE
    ../clib/signal.c                         0x00000000   Number         0  defsig_abrt_inner.o ABSOLUTE
    ../clib/signal.c                         0x00000000   Number         0  defsig_general.o ABSOLUTE
    ../clib/signal.c                         0x00000000   Number         0  defsig_fpe_inner.o ABSOLUTE
    ../clib/signal.c                         0x00000000   Number         0  __raise.o ABSOLUTE
    ../clib/signal.c                         0x00000000   Number         0  defsig_rtred_inner.o ABSOLUTE
    ../clib/signal.c                         0x00000000   Number         0  defsig_rtmem_inner.o ABSOLUTE
    ../clib/signal.c                         0x00000000   Number         0  defsig_exit.o ABSOLUTE
    ../clib/signal.c                         0x00000000   Number         0  defsig_stak_inner.o ABSOLUTE
    ../clib/signal.c                         0x00000000   Number         0  defsig_cppl_inner.o ABSOLUTE
    ../clib/signal.c                         0x00000000   Number         0  defsig_pvfn_inner.o ABSOLUTE
    ../clib/signal.c                         0x00000000   Number         0  defsig_rtmem_formal.o ABSOLUTE
    ../clib/signal.c                         0x00000000   Number         0  defsig_rtmem_outer.o ABSOLUTE
    ../clib/signal.c                         0x00000000   Number         0  defsig_segv_inner.o ABSOLUTE
    ../clib/signal.s                         0x00000000   Number         0  defsig.o ABSOLUTE
    ../clib/stdlib.c                         0x00000000   Number         0  exit.o ABSOLUTE
    ../clib/stdlib.c                         0x00000000   Number         0  rand.o ABSOLUTE
    ../clib/stdlib.c                         0x00000000   Number         0  rand.o ABSOLUTE
    ../fplib/ddiv.s                          0x00000000   Number         0  ddiv.o ABSOLUTE
    ../fplib/dfixu.s                         0x00000000   Number         0  dfixu.o ABSOLUTE
    ../fplib/dflt.s                          0x00000000   Number         0  dflt_clz.o ABSOLUTE
    ../fplib/dmul.s                          0x00000000   Number         0  dmul.o ABSOLUTE
    ../fplib/dnaninf.s                       0x00000000   Number         0  dnaninf.o ABSOLUTE
    ../fplib/dretinf.s                       0x00000000   Number         0  dretinf.o ABSOLUTE
    ../fplib/fpinit.s                        0x00000000   Number         0  fpinit.o ABSOLUTE
    ../fplib/usenofp.s                       0x00000000   Number         0  usenofp.o ABSOLUTE
    GLCD\AsciiLib.c                          0x00000000   Number         0  asciilib.o ABSOLUTE
    GLCD\GLCD.c                              0x00000000   Number         0  glcd.o ABSOLUTE
    GLCD\HzLib.c                             0x00000000   Number         0  hzlib.o ABSOLUTE
    GLCD\\GLCD.c                             0x00000000   Number         0  glcd.o ABSOLUTE
    dc.s                                     0x00000000   Number         0  dc.o ABSOLUTE
    lib_SoC_board\\core_cm3.c                0x00000000   Number         0  core_cm3.o ABSOLUTE
    lib_SoC_board\\system_LPC17xx.c          0x00000000   Number         0  system_lpc17xx.o ABSOLUTE
    lib_SoC_board\core_cm3.c                 0x00000000   Number         0  core_cm3.o ABSOLUTE
    lib_SoC_board\system_LPC17xx.c           0x00000000   Number         0  system_lpc17xx.o ABSOLUTE
    src\CAN\CAN_callbacks.c                  0x00000000   Number         0  can_callbacks.o ABSOLUTE
    src\CAN\IRQ_CAN.c                        0x00000000   Number         0  irq_can.o ABSOLUTE
    src\CAN\lib_CAN.c                        0x00000000   Number         0  lib_can.o ABSOLUTE
    src\RIT\IRQ_RIT.c                        0x00000000   Number         0  irq_rit.o ABSOLUTE
    src\RIT\lib_RIT.c                        0x00000000   Number         0  lib_rit.o ABSOLUTE
    src\\CAN\\CAN_callbacks.c                0x00000000   Number         0  can_callbacks.o ABSOLUTE
    src\\CAN\\IRQ_CAN.c                      0x00000000   Number         0  irq_can.o ABSOLUTE
    src\\CAN\\lib_CAN.c                      0x00000000   Number         0  lib_can.o ABSOLUTE
    src\\RIT\\IRQ_RIT.c                      0x00000000   Number         0  irq_rit.o ABSOLUTE
    src\\RIT\\lib_RIT.c                      0x00000000   Number         0  lib_rit.o ABSOLUTE
    src\\buttons\\IRQ_buttons.c              0x00000000   Number         0  irq_buttons.o ABSOLUTE
    src\\buttons\\buttons.c                  0x00000000   Number         0  buttons.o ABSOLUTE
    src\\joystick\\joystick.c                0x00000000   Number         0  joystick.o ABSOLUTE
    src\\main.c                              0x00000000   Number         0  main.o ABSOLUTE
    src\\timers\\IRQ_timer.c                 0x00000000   Number         0  irq_timer.o ABSOLUTE
    src\\timers\\lib_timer.c                 0x00000000   Number         0  lib_timer.o ABSOLUTE
    src\\utils\\CAN_utils.c                  0x00000000   Number         0  can_utils.o ABSOLUTE
    src\\utils\\LCD_utils.c                  0x00000000   Number         0  lcd_utils.o ABSOLUTE
    src\\utils\\game_utils.c                 0x00000000   Number         0  game_utils.o ABSOLUTE
    src\\utils\\timers_utils.c               0x00000000   Number         0  timers_utils.o ABSOLUTE
    src\buttons\IRQ_buttons.c                0x00000000   Number         0  irq_buttons.o ABSOLUTE
    src\buttons\buttons.c                    0x00000000   Number         0  buttons.o ABSOLUTE
    src\joystick\joystick.c                  0x00000000   Number         0  joystick.o ABSOLUTE
    src\main.c                               0x00000000   Number         0  main.o ABSOLUTE
    src\timers\IRQ_timer.c                   0x00000000   Number         0  irq_timer.o ABSOLUTE
    src\timers\lib_timer.c                   0x00000000   Number         0  lib_timer.o ABSOLUTE
    src\utils\CAN_utils.c                    0x00000000   Number         0  can_utils.o ABSOLUTE
    src\utils\LCD_utils.c                    0x00000000   Number         0  lcd_utils.o ABSOLUTE
    src\utils\game_utils.c                   0x00000000   Number         0  game_utils.o ABSOLUTE
    src\utils\timers_utils.c                 0x00000000   Number         0  timers_utils.o ABSOLUTE
    startup_file\startup_LPC17xx.s           0x00000000   Number         0  startup_lpc17xx.o ABSOLUTE
    !!!main                                  0x000000cc   Section        8  __main.o(!!!main)
    !!!scatter                               0x000000d4   Section       52  __scatter.o(!!!scatter)
    !!handler_copy                           0x00000108   Section       26  __scatter_copy.o(!!handler_copy)
    !!handler_zi                             0x00000124   Section       28  __scatter_zi.o(!!handler_zi)
    .ARM.Collect$$_printf_percent$$00000000  0x00000140   Section        0  _printf_percent.o(.ARM.Collect$$_printf_percent$$00000000)
    .ARM.Collect$$_printf_percent$$00000009  0x00000140   Section        6  _printf_d.o(.ARM.Collect$$_printf_percent$$00000009)
    .ARM.Collect$$_printf_percent$$00000014  0x00000146   Section        6  _printf_s.o(.ARM.Collect$$_printf_percent$$00000014)
    .ARM.Collect$$_printf_percent$$00000017  0x0000014c   Section        4  _printf_percent_end.o(.ARM.Collect$$_printf_percent$$00000017)
    .ARM.Collect$$libinit$$00000000          0x00000150   Section        2  libinit.o(.ARM.Collect$$libinit$$00000000)
    .ARM.Collect$$libinit$$00000002          0x00000152   Section        0  libinit2.o(.ARM.Collect$$libinit$$00000002)
    .ARM.Collect$$libinit$$00000004          0x00000152   Section        0  libinit2.o(.ARM.Collect$$libinit$$00000004)
    .ARM.Collect$$libinit$$0000000A          0x00000152   Section        0  libinit2.o(.ARM.Collect$$libinit$$0000000A)
    .ARM.Collect$$libinit$$0000000C          0x00000152   Section        0  libinit2.o(.ARM.Collect$$libinit$$0000000C)
    .ARM.Collect$$libinit$$0000000D          0x00000152   Section        4  libinit2.o(.ARM.Collect$$libinit$$0000000D)
    .ARM.Collect$$libinit$$0000000E          0x00000156   Section        0  libinit2.o(.ARM.Collect$$libinit$$0000000E)
    .ARM.Collect$$libinit$$00000011          0x00000156   Section        0  libinit2.o(.ARM.Collect$$libinit$$00000011)
    .ARM.Collect$$libinit$$00000013          0x00000156   Section        0  libinit2.o(.ARM.Collect$$libinit$$00000013)
    .ARM.Collect$$libinit$$00000015          0x00000156   Section        0  libinit2.o(.ARM.Collect$$libinit$$00000015)
    .ARM.Collect$$libinit$$00000017          0x00000156   Section        0  libinit2.o(.ARM.Collect$$libinit$$00000017)
    .ARM.Collect$$libinit$$00000019          0x00000156   Section        0  libinit2.o(.ARM.Collect$$libinit$$00000019)
    .ARM.Collect$$libinit$$0000001B          0x00000156   Section        0  libinit2.o(.ARM.Collect$$libinit$$0000001B)
    .ARM.Collect$$libinit$$0000001D          0x00000156   Section        0  libinit2.o(.ARM.Collect$$libinit$$0000001D)
    .ARM.Collect$$libinit$$0000001F          0x00000156   Section        0  libinit2.o(.ARM.Collect$$libinit$$0000001F)
    .ARM.Collect$$libinit$$00000021          0x00000156   Section        0  libinit2.o(.ARM.Collect$$libinit$$00000021)
    .ARM.Collect$$libinit$$00000023          0x00000156   Section        0  libinit2.o(.ARM.Collect$$libinit$$00000023)
    .ARM.Collect$$libinit$$00000025          0x00000156   Section        0  libinit2.o(.ARM.Collect$$libinit$$00000025)
    .ARM.Collect$$libinit$$0000002C          0x00000156   Section        0  libinit2.o(.ARM.Collect$$libinit$$0000002C)
    .ARM.Collect$$libinit$$0000002E          0x00000156   Section        0  libinit2.o(.ARM.Collect$$libinit$$0000002E)
    .ARM.Collect$$libinit$$00000030          0x00000156   Section        0  libinit2.o(.ARM.Collect$$libinit$$00000030)
    .ARM.Collect$$libinit$$00000032          0x00000156   Section        0  libinit2.o(.ARM.Collect$$libinit$$00000032)
    .ARM.Collect$$libinit$$00000033          0x00000156   Section        2  libinit2.o(.ARM.Collect$$libinit$$00000033)
    .ARM.Collect$$libshutdown$$00000000      0x00000158   Section        2  libshutdown.o(.ARM.Collect$$libshutdown$$00000000)
    .ARM.Collect$$libshutdown$$00000002      0x0000015a   Section        0  libshutdown2.o(.ARM.Collect$$libshutdown$$00000002)
    .ARM.Collect$$libshutdown$$00000004      0x0000015a   Section        0  libshutdown2.o(.ARM.Collect$$libshutdown$$00000004)
    .ARM.Collect$$libshutdown$$00000006      0x0000015a   Section        0  libshutdown2.o(.ARM.Collect$$libshutdown$$00000006)
    .ARM.Collect$$libshutdown$$00000009      0x0000015a   Section        0  libshutdown2.o(.ARM.Collect$$libshutdown$$00000009)
    .ARM.Collect$$libshutdown$$0000000C      0x0000015a   Section        0  libshutdown2.o(.ARM.Collect$$libshutdown$$0000000C)
    .ARM.Collect$$libshutdown$$0000000E      0x0000015a   Section        0  libshutdown2.o(.ARM.Collect$$libshutdown$$0000000E)
    .ARM.Collect$$libshutdown$$00000011      0x0000015a   Section        0  libshutdown2.o(.ARM.Collect$$libshutdown$$00000011)
    .ARM.Collect$$libshutdown$$00000012      0x0000015a   Section        2  libshutdown2.o(.ARM.Collect$$libshutdown$$00000012)
    .ARM.Collect$$rtentry$$00000000          0x0000015c   Section        0  __rtentry.o(.ARM.Collect$$rtentry$$00000000)
    .ARM.Collect$$rtentry$$00000002          0x0000015c   Section        0  __rtentry2.o(.ARM.Collect$$rtentry$$00000002)
    .ARM.Collect$$rtentry$$00000004          0x0000015c   Section        6  __rtentry4.o(.ARM.Collect$$rtentry$$00000004)
    .ARM.Collect$$rtentry$$00000009          0x00000162   Section        0  __rtentry2.o(.ARM.Collect$$rtentry$$00000009)
    .ARM.Collect$$rtentry$$0000000A          0x00000162   Section        4  __rtentry2.o(.ARM.Collect$$rtentry$$0000000A)
    .ARM.Collect$$rtentry$$0000000C          0x00000166   Section        0  __rtentry2.o(.ARM.Collect$$rtentry$$0000000C)
    .ARM.Collect$$rtentry$$0000000D          0x00000166   Section        8  __rtentry2.o(.ARM.Collect$$rtentry$$0000000D)
    .ARM.Collect$$rtexit$$00000000           0x0000016e   Section        2  rtexit.o(.ARM.Collect$$rtexit$$00000000)
    .ARM.Collect$$rtexit$$00000002           0x00000170   Section        0  rtexit2.o(.ARM.Collect$$rtexit$$00000002)
    .ARM.Collect$$rtexit$$00000003           0x00000170   Section        4  rtexit2.o(.ARM.Collect$$rtexit$$00000003)
    .ARM.Collect$$rtexit$$00000004           0x00000174   Section        6  rtexit2.o(.ARM.Collect$$rtexit$$00000004)
    .emb_text                                0x0000017c   Section       52  rand.o(.emb_text)
    .text                                    0x000001b0   Section       56  startup_lpc17xx.o(.text)
    .text                                    0x000001e8   Section        0  main.o(.text)
    .text                                    0x000002a8   Section        0  asciilib.o(.text)
    .text                                    0x000002c8   Section        0  noretval__2sprintf.o(.text)
    .text                                    0x000002f0   Section        0  heapauxi.o(.text)
    .text                                    0x000002f6   Section        2  use_no_semi.o(.text)
    .text                                    0x000002f8   Section        0  indicate_semi.o(.text)
    x$fpl$usenofp                            0x000002f8   Section        0  usenofp.o(x$fpl$usenofp)
    .ARM.__at_0x02FC                         0x000002fc   Section        4  startup_lpc17xx.o(.ARM.__at_0x02FC)
    .text                                    0x00000300   Section        0  system_lpc17xx.o(.text)
    .text                                    0x0000052c   Section        0  irq_timer.o(.text)
    .text                                    0x00000608   Section        0  lib_timer.o(.text)
    __NVIC_EnableIRQ                         0x00000609   Thumb Code    34  lib_timer.o(.text)
    .text                                    0x00000738   Section        0  glcd.o(.text)
    LCD_Configuration                        0x00000739   Thumb Code    20  glcd.o(.text)
    wait_delay                               0x0000074d   Thumb Code    12  glcd.o(.text)
    LCD_SetCursor                            0x00000759   Thumb Code  1356  glcd.o(.text)
    delay_ms                                 0x00000ca5   Thumb Code    30  glcd.o(.text)
    LCD_BGR2RGB                              0x000041a1   Thumb Code    26  glcd.o(.text)
    .text                                    0x0000481c   Section        0  lcd_utils.o(.text)
    .text                                    0x00005398   Section        0  game_utils.o(.text)
    .text                                    0x00006820   Section        0  timers_utils.o(.text)
    .text                                    0x000068f0   Section        0  can_utils.o(.text)
    .text                                    0x0000693c   Section        0  buttons.o(.text)
    __NVIC_EnableIRQ                         0x0000693d   Thumb Code    34  buttons.o(.text)
    __NVIC_SetPriority                       0x0000695f   Thumb Code    32  buttons.o(.text)
    .text                                    0x00006b50   Section        0  irq_buttons.o(.text)
    __NVIC_DisableIRQ                        0x00006b51   Thumb Code    30  irq_buttons.o(.text)
    .text                                    0x00006c08   Section        0  irq_rit.o(.text)
    __NVIC_EnableIRQ                         0x00006c09   Thumb Code    34  irq_rit.o(.text)
    .text                                    0x00006f18   Section        0  lib_rit.o(.text)
    .text                                    0x00006fb4   Section        0  joystick.o(.text)
    .text                                    0x00007880   Section        0  lib_can.o(.text)
    __NVIC_EnableIRQ                         0x00007881   Thumb Code    34  lib_can.o(.text)
    CAN_cfgBaudrate                          0x000078a3   Thumb Code    70  lib_can.o(.text)
    .text                                    0x00007db8   Section        0  can_callbacks.o(.text)
    .text                                    0x00007e94   Section        0  irq_can.o(.text)
    .text                                    0x00007ee0   Section        0  _printf_pad.o(.text)
    .text                                    0x00007f2e   Section        0  _printf_str.o(.text)
    .text                                    0x00007f80   Section        0  _printf_dec.o(.text)
    .text                                    0x00007ff8   Section        0  __printf_flags_wp.o(.text)
    .text                                    0x00008130   Section        0  rand.o(.text)
    .text                                    0x0000816c   Section      138  rt_memcpy_v6.o(.text)
    .text                                    0x000081f6   Section      100  rt_memcpy_w.o(.text)
    .text                                    0x0000825a   Section        0  _printf_intcommon.o(.text)
    .text                                    0x0000830c   Section        0  _printf_char_common.o(.text)
    _printf_input_char                       0x0000830d   Thumb Code    10  _printf_char_common.o(.text)
    .text                                    0x0000833c   Section        0  _sputc.o(.text)
    .text                                    0x00008346   Section        0  _printf_char.o(.text)
    .text                                    0x00008372   Section       74  sys_stackheap_outer.o(.text)
    .text                                    0x000083bc   Section        0  exit.o(.text)
    .text                                    0x000083d0   Section        8  libspace.o(.text)
    .text                                    0x000083d8   Section        0  sys_exit.o(.text)
    i._is_digit                              0x000083e4   Section        0  __printf_wp.o(i._is_digit)
    x$fpl$ddiv                               0x000083f4   Section      688  ddiv.o(x$fpl$ddiv)
    ddiv_entry                               0x000083fb   Thumb Code     0  ddiv.o(x$fpl$ddiv)
    x$fpl$dfixu                              0x000086a4   Section       90  dfixu.o(x$fpl$dfixu)
    x$fpl$dfltu                              0x000086fe   Section       38  dflt_clz.o(x$fpl$dfltu)
    x$fpl$dmul                               0x00008724   Section      340  dmul.o(x$fpl$dmul)
    x$fpl$dnaninf                            0x00008878   Section      156  dnaninf.o(x$fpl$dnaninf)
    x$fpl$dretinf                            0x00008914   Section       12  dretinf.o(x$fpl$dretinf)
    .constdata                               0x00008920   Section     1520  asciilib.o(.constdata)
    AsciiLib                                 0x00008920   Data        1520  asciilib.o(.constdata)
    .constdata                               0x00008f10   Section       54  lcd_utils.o(.constdata)
    .constdata                               0x00008f48   Section       68  lib_can.o(.constdata)
    .constdata                               0x00008f8c   Section       17  __printf_flags_wp.o(.constdata)
    maptable                                 0x00008f8c   Data          17  __printf_flags_wp.o(.constdata)
    HEAP                                     0x10000000   Section    32768  startup_lpc17xx.o(HEAP)
    Heap_Mem                                 0x10000000   Data       32768  startup_lpc17xx.o(HEAP)
    .data                                    0x2007c000   Section        4  system_lpc17xx.o(.data)
    .data                                    0x2007c004   Section        1  glcd.o(.data)
    LCD_Code                                 0x2007c004   Data           1  glcd.o(.data)
    .data                                    0x2007c008   Section       33  game_utils.o(.data)
    .data                                    0x2007c029   Section        4  can_utils.o(.data)
    .data                                    0x2007c030   Section       48  irq_rit.o(.data)
    j_select                                 0x2007c03c   Data           4  irq_rit.o(.data)
    j_down                                   0x2007c040   Data           4  irq_rit.o(.data)
    j_left                                   0x2007c044   Data           4  irq_rit.o(.data)
    j_right                                  0x2007c048   Data           4  irq_rit.o(.data)
    j_up                                     0x2007c04c   Data           4  irq_rit.o(.data)
    j_UL                                     0x2007c050   Data           4  irq_rit.o(.data)
    j_UR                                     0x2007c054   Data           4  irq_rit.o(.data)
    j_DL                                     0x2007c058   Data           4  irq_rit.o(.data)
    j_DR                                     0x2007c05c   Data           4  irq_rit.o(.data)
    .data                                    0x2007c060   Section       16  lib_can.o(.data)
    CAN_std_cnt                              0x2007c068   Data           4  lib_can.o(.data)
    CAN_ext_cnt                              0x2007c06c   Data           4  lib_can.o(.data)
    .bss                                     0x2007c070   Section       11  lcd_utils.o(.bss)
    buf                                      0x2007c070   Data          11  lcd_utils.o(.bss)
    .bss                                     0x2007c07c   Section      245  game_utils.o(.bss)
    .bss                                     0x2007c174   Section       32  lib_can.o(.bss)
    .bss                                     0x2007c194   Section      228  rand.o(.bss)
    .bss                                     0x2007c278   Section       96  libspace.o(.bss)
    STACK                                    0x2007c2d8   Section     4095  startup_lpc17xx.o(STACK)
    Stack_Mem                                0x2007c2d8   Data        4095  startup_lpc17xx.o(STACK)
    __initial_sp                             0x2007d2d7   Data           0  startup_lpc17xx.o(STACK)

    Global Symbols

    Symbol Name                              Value     Ov Type        Size  Object(Section)

    BuildAttributes$$THM_ISAv4$P$D$K$B$S$PE$A:L22UL41UL21$X:L11$S22US41US21$IEEE1$IW$USESV6$~STKCKD$USESV7$~SHL$OSPACE$ROPI$EBA8$UX$STANDARDLIB$REQ8$PRES8$EABIv2 0x00000000   Number         0  anon$$obj.o ABSOLUTE
    __ARM_use_no_argv                        0x00000000   Number         0  main.o ABSOLUTE
    __Vectors                                0x00000000   Data           4  startup_lpc17xx.o(RESET)
    _printf_flags                            0x00000000   Number         0  printf_stubs.o ABSOLUTE
    _printf_return_value                     0x00000000   Number         0  printf_stubs.o ABSOLUTE
    _printf_sizespec                         0x00000000   Number         0  printf_stubs.o ABSOLUTE
    _printf_widthprec                        0x00000000   Number         0  printf_stubs.o ABSOLUTE
    __ARM_exceptions_init                     - Undefined Weak Reference
    __alloca_initialize                       - Undefined Weak Reference
    __arm_fini_                               - Undefined Weak Reference
    __arm_preinit_                            - Undefined Weak Reference
    __cpp_initialize__aeabi_                  - Undefined Weak Reference
    __cxa_finalize                            - Undefined Weak Reference
    __rt_locale                               - Undefined Weak Reference
    __sigvec_lookup                           - Undefined Weak Reference
    _atexit_init                              - Undefined Weak Reference
    _call_atexit_fns                          - Undefined Weak Reference
    _clock_init                               - Undefined Weak Reference
    _fp_trap_init                             - Undefined Weak Reference
    _fp_trap_shutdown                         - Undefined Weak Reference
    _get_lc_collate                           - Undefined Weak Reference
    _get_lc_ctype                             - Undefined Weak Reference
    _get_lc_monetary                          - Undefined Weak Reference
    _get_lc_numeric                           - Undefined Weak Reference
    _get_lc_time                              - Undefined Weak Reference
    _getenv_init                              - Undefined Weak Reference
    _handle_redirection                       - Undefined Weak Reference
    _init_alloc                               - Undefined Weak Reference
    _init_user_alloc                          - Undefined Weak Reference
    _initio                                   - Undefined Weak Reference
    _printf_mbtowc                            - Undefined Weak Reference
    _printf_truncate_signed                   - Undefined Weak Reference
    _printf_truncate_unsigned                 - Undefined Weak Reference
    _signal_finish                            - Undefined Weak Reference
    _signal_init                              - Undefined Weak Reference
    _terminate_alloc                          - Undefined Weak Reference
    _terminate_user_alloc                     - Undefined Weak Reference
    _terminateio                              - Undefined Weak Reference
    __main                                   0x000000cd   Thumb Code     8  __main.o(!!!main)
    __scatterload                            0x000000d5   Thumb Code     0  __scatter.o(!!!scatter)
    __scatterload_rt2                        0x000000d5   Thumb Code    44  __scatter.o(!!!scatter)
    __scatterload_rt2_thumb_only             0x000000d5   Thumb Code     0  __scatter.o(!!!scatter)
    __scatterload_null                       0x000000e3   Thumb Code     0  __scatter.o(!!!scatter)
    __scatterload_copy                       0x00000109   Thumb Code    26  __scatter_copy.o(!!handler_copy)
    __scatterload_zeroinit                   0x00000125   Thumb Code    28  __scatter_zi.o(!!handler_zi)
    _printf_d                                0x00000141   Thumb Code     0  _printf_d.o(.ARM.Collect$$_printf_percent$$00000009)
    _printf_percent                          0x00000141   Thumb Code     0  _printf_percent.o(.ARM.Collect$$_printf_percent$$00000000)
    _printf_s                                0x00000147   Thumb Code     0  _printf_s.o(.ARM.Collect$$_printf_percent$$00000014)
    _printf_percent_end                      0x0000014d   Thumb Code     0  _printf_percent_end.o(.ARM.Collect$$_printf_percent$$00000017)
    __rt_lib_init                            0x00000151   Thumb Code     0  libinit.o(.ARM.Collect$$libinit$$00000000)
    __rt_lib_init_fp_1                       0x00000153   Thumb Code     0  libinit2.o(.ARM.Collect$$libinit$$00000002)
    __rt_lib_init_heap_1                     0x00000153   Thumb Code     0  libinit2.o(.ARM.Collect$$libinit$$0000000A)
    __rt_lib_init_preinit_1                  0x00000153   Thumb Code     0  libinit2.o(.ARM.Collect$$libinit$$00000004)
    __rt_lib_init_rand_2                     0x00000153   Thumb Code     0  libinit2.o(.ARM.Collect$$libinit$$0000000D)
    __rt_lib_init_user_alloc_1               0x00000153   Thumb Code     0  libinit2.o(.ARM.Collect$$libinit$$0000000C)
    __rt_lib_init_alloca_1                   0x00000157   Thumb Code     0  libinit2.o(.ARM.Collect$$libinit$$0000002E)
    __rt_lib_init_argv_1                     0x00000157   Thumb Code     0  libinit2.o(.ARM.Collect$$libinit$$0000002C)
    __rt_lib_init_atexit_1                   0x00000157   Thumb Code     0  libinit2.o(.ARM.Collect$$libinit$$0000001B)
    __rt_lib_init_clock_1                    0x00000157   Thumb Code     0  libinit2.o(.ARM.Collect$$libinit$$00000021)
    __rt_lib_init_cpp_1                      0x00000157   Thumb Code     0  libinit2.o(.ARM.Collect$$libinit$$00000032)
    __rt_lib_init_exceptions_1               0x00000157   Thumb Code     0  libinit2.o(.ARM.Collect$$libinit$$00000030)
    __rt_lib_init_fp_trap_1                  0x00000157   Thumb Code     0  libinit2.o(.ARM.Collect$$libinit$$0000001F)
    __rt_lib_init_getenv_1                   0x00000157   Thumb Code     0  libinit2.o(.ARM.Collect$$libinit$$00000023)
    __rt_lib_init_lc_collate_1               0x00000157   Thumb Code     0  libinit2.o(.ARM.Collect$$libinit$$00000011)
    __rt_lib_init_lc_ctype_1                 0x00000157   Thumb Code     0  libinit2.o(.ARM.Collect$$libinit$$00000013)
    __rt_lib_init_lc_monetary_1              0x00000157   Thumb Code     0  libinit2.o(.ARM.Collect$$libinit$$00000015)
    __rt_lib_init_lc_numeric_1               0x00000157   Thumb Code     0  libinit2.o(.ARM.Collect$$libinit$$00000017)
    __rt_lib_init_lc_time_1                  0x00000157   Thumb Code     0  libinit2.o(.ARM.Collect$$libinit$$00000019)
    __rt_lib_init_rand_1                     0x00000157   Thumb Code     0  libinit2.o(.ARM.Collect$$libinit$$0000000E)
    __rt_lib_init_return                     0x00000157   Thumb Code     0  libinit2.o(.ARM.Collect$$libinit$$00000033)
    __rt_lib_init_signal_1                   0x00000157   Thumb Code     0  libinit2.o(.ARM.Collect$$libinit$$0000001D)
    __rt_lib_init_stdio_1                    0x00000157   Thumb Code     0  libinit2.o(.ARM.Collect$$libinit$$00000025)
    __rt_lib_shutdown                        0x00000159   Thumb Code     0  libshutdown.o(.ARM.Collect$$libshutdown$$00000000)
    __rt_lib_shutdown_cpp_1                  0x0000015b   Thumb Code     0  libshutdown2.o(.ARM.Collect$$libshutdown$$00000004)
    __rt_lib_shutdown_fini_1                 0x0000015b   Thumb Code     0  libshutdown2.o(.ARM.Collect$$libshutdown$$00000002)
    __rt_lib_shutdown_fp_trap_1              0x0000015b   Thumb Code     0  libshutdown2.o(.ARM.Collect$$libshutdown$$00000009)
    __rt_lib_shutdown_heap_1                 0x0000015b   Thumb Code     0  libshutdown2.o(.ARM.Collect$$libshutdown$$00000011)
    __rt_lib_shutdown_return                 0x0000015b   Thumb Code     0  libshutdown2.o(.ARM.Collect$$libshutdown$$00000012)
    __rt_lib_shutdown_signal_1               0x0000015b   Thumb Code     0  libshutdown2.o(.ARM.Collect$$libshutdown$$0000000C)
    __rt_lib_shutdown_stdio_1                0x0000015b   Thumb Code     0  libshutdown2.o(.ARM.Collect$$libshutdown$$00000006)
    __rt_lib_shutdown_user_alloc_1           0x0000015b   Thumb Code     0  libshutdown2.o(.ARM.Collect$$libshutdown$$0000000E)
    __rt_entry                               0x0000015d   Thumb Code     0  __rtentry.o(.ARM.Collect$$rtentry$$00000000)
    __rt_entry_presh_1                       0x0000015d   Thumb Code     0  __rtentry2.o(.ARM.Collect$$rtentry$$00000002)
    __rt_entry_sh                            0x0000015d   Thumb Code     0  __rtentry4.o(.ARM.Collect$$rtentry$$00000004)
    __rt_entry_li                            0x00000163   Thumb Code     0  __rtentry2.o(.ARM.Collect$$rtentry$$0000000A)
    __rt_entry_postsh_1                      0x00000163   Thumb Code     0  __rtentry2.o(.ARM.Collect$$rtentry$$00000009)
    __rt_entry_main                          0x00000167   Thumb Code     0  __rtentry2.o(.ARM.Collect$$rtentry$$0000000D)
    __rt_entry_postli_1                      0x00000167   Thumb Code     0  __rtentry2.o(.ARM.Collect$$rtentry$$0000000C)
    __rt_exit                                0x0000016f   Thumb Code     0  rtexit.o(.ARM.Collect$$rtexit$$00000000)
    __rt_exit_ls                             0x00000171   Thumb Code     0  rtexit2.o(.ARM.Collect$$rtexit$$00000003)
    __rt_exit_prels_1                        0x00000171   Thumb Code     0  rtexit2.o(.ARM.Collect$$rtexit$$00000002)
    __rt_exit_exit                           0x00000175   Thumb Code     0  rtexit2.o(.ARM.Collect$$rtexit$$00000004)
    rand                                     0x0000017d   Thumb Code    48  rand.o(.emb_text)
    Reset_Handler                            0x000001b1   Thumb Code     4  startup_lpc17xx.o(.text)
    NMI_Handler                              0x000001b5   Thumb Code     2  startup_lpc17xx.o(.text)
    HardFault_Handler                        0x000001b7   Thumb Code     2  startup_lpc17xx.o(.text)
    MemManage_Handler                        0x000001b9   Thumb Code     2  startup_lpc17xx.o(.text)
    BusFault_Handler                         0x000001bb   Thumb Code     2  startup_lpc17xx.o(.text)
    UsageFault_Handler                       0x000001bd   Thumb Code     2  startup_lpc17xx.o(.text)
    SVC_Handler                              0x000001bf   Thumb Code     2  startup_lpc17xx.o(.text)
    DebugMon_Handler                         0x000001c1   Thumb Code     2  startup_lpc17xx.o(.text)
    PendSV_Handler                           0x000001c3   Thumb Code     2  startup_lpc17xx.o(.text)
    SysTick_Handler                          0x000001c5   Thumb Code     2  startup_lpc17xx.o(.text)
    ADC_IRQHandler                           0x000001c7   Thumb Code     0  startup_lpc17xx.o(.text)
    BOD_IRQHandler                           0x000001c7   Thumb Code     0  startup_lpc17xx.o(.text)
    CANActivity_IRQHandler                   0x000001c7   Thumb Code     0  startup_lpc17xx.o(.text)
    DMA_IRQHandler                           0x000001c7   Thumb Code     0  startup_lpc17xx.o(.text)
    EINT3_IRQHandler                         0x000001c7   Thumb Code     0  startup_lpc17xx.o(.text)
    ENET_IRQHandler                          0x000001c7   Thumb Code     0  startup_lpc17xx.o(.text)
    I2C0_IRQHandler                          0x000001c7   Thumb Code     0  startup_lpc17xx.o(.text)
    I2C1_IRQHandler                          0x000001c7   Thumb Code     0  startup_lpc17xx.o(.text)
    I2C2_IRQHandler                          0x000001c7   Thumb Code     0  startup_lpc17xx.o(.text)
    I2S_IRQHandler                           0x000001c7   Thumb Code     0  startup_lpc17xx.o(.text)
    MCPWM_IRQHandler                         0x000001c7   Thumb Code     0  startup_lpc17xx.o(.text)
    PLL0_IRQHandler                          0x000001c7   Thumb Code     0  startup_lpc17xx.o(.text)
    PLL1_IRQHandler                          0x000001c7   Thumb Code     0  startup_lpc17xx.o(.text)
    PWM1_IRQHandler                          0x000001c7   Thumb Code     0  startup_lpc17xx.o(.text)
    QEI_IRQHandler                           0x000001c7   Thumb Code     0  startup_lpc17xx.o(.text)
    RTC_IRQHandler                           0x000001c7   Thumb Code     0  startup_lpc17xx.o(.text)
    SPI_IRQHandler                           0x000001c7   Thumb Code     0  startup_lpc17xx.o(.text)
    SSP0_IRQHandler                          0x000001c7   Thumb Code     0  startup_lpc17xx.o(.text)
    SSP1_IRQHandler                          0x000001c7   Thumb Code     0  startup_lpc17xx.o(.text)
    UART0_IRQHandler                         0x000001c7   Thumb Code     0  startup_lpc17xx.o(.text)
    UART1_IRQHandler                         0x000001c7   Thumb Code     0  startup_lpc17xx.o(.text)
    UART2_IRQHandler                         0x000001c7   Thumb Code     0  startup_lpc17xx.o(.text)
    UART3_IRQHandler                         0x000001c7   Thumb Code     0  startup_lpc17xx.o(.text)
    USBActivity_IRQHandler                   0x000001c7   Thumb Code     0  startup_lpc17xx.o(.text)
    USB_IRQHandler                           0x000001c7   Thumb Code     0  startup_lpc17xx.o(.text)
    WDT_IRQHandler                           0x000001c7   Thumb Code     0  startup_lpc17xx.o(.text)
    __user_initial_stackheap                 0x000001c9   Thumb Code     0  startup_lpc17xx.o(.text)
    main                                     0x000001e9   Thumb Code   160  main.o(.text)
    GetASCIICode                             0x000002a9   Thumb Code    26  asciilib.o(.text)
    __2sprintf                               0x000002c9   Thumb Code    34  noretval__2sprintf.o(.text)
    __use_two_region_memory                  0x000002f1   Thumb Code     2  heapauxi.o(.text)
    __rt_heap_escrow$2region                 0x000002f3   Thumb Code     2  heapauxi.o(.text)
    __rt_heap_expand$2region                 0x000002f5   Thumb Code     2  heapauxi.o(.text)
    __I$use$semihosting                      0x000002f7   Thumb Code     0  use_no_semi.o(.text)
    __use_no_semihosting_swi                 0x000002f7   Thumb Code     2  use_no_semi.o(.text)
    __I$use$fp                               0x000002f8   Number         0  usenofp.o(x$fpl$usenofp)
    __semihosting_library_function           0x000002f9   Thumb Code     0  indicate_semi.o(.text)
    SystemInit                               0x00000301   Thumb Code   526  system_lpc17xx.o(.text)
    TIMER0_IRQHandler                        0x0000052d   Thumb Code   120  irq_timer.o(.text)
    TIMER1_IRQHandler                        0x000005a5   Thumb Code    46  irq_timer.o(.text)
    TIMER2_IRQHandler                        0x000005d3   Thumb Code     8  irq_timer.o(.text)
    TIMER3_IRQHandler                        0x000005db   Thumb Code     8  irq_timer.o(.text)
    init_timer                               0x0000062b   Thumb Code    94  lib_timer.o(.text)
    enable_timer                             0x00000689   Thumb Code    48  lib_timer.o(.text)
    disable_timer                            0x000006b9   Thumb Code    48  lib_timer.o(.text)
    reset_timer                              0x000006e9   Thumb Code    66  lib_timer.o(.text)
    LCD_Initialization                       0x00000cc3   Thumb Code 12014  glcd.o(.text)
    LCD_Clear                                0x00003bb1   Thumb Code  1520  glcd.o(.text)
    LCD_GetPoint                             0x000041bb   Thumb Code   994  glcd.o(.text)
    LCD_SetPoint                             0x0000459d   Thumb Code   206  glcd.o(.text)
    LCD_DrawLine                             0x0000466b   Thumb Code   250  glcd.o(.text)
    PutChar                                  0x00004765   Thumb Code   100  glcd.o(.text)
    GUI_Text                                 0x000047c9   Thumb Code    80  glcd.o(.text)
    ui_to_a                                  0x0000481d   Thumb Code    36  lcd_utils.o(.text)
    LCD_draw_rect                            0x00004841   Thumb Code   132  lcd_utils.o(.text)
    LCD_draw_square                          0x000048c5   Thumb Code    20  lcd_utils.o(.text)
    LCD_color_square                         0x000048d9   Thumb Code    58  lcd_utils.o(.text)
    LCD_init                                 0x00004913   Thumb Code    16  lcd_utils.o(.text)
    LCD_draw_game_grid                       0x00004923   Thumb Code    52  lcd_utils.o(.text)
    get_coordinates_from_indexes             0x00004957   Thumb Code   292  lcd_utils.o(.text)
    LCD_draw_pawn                            0x00004a7b   Thumb Code   112  lcd_utils.o(.text)
    LCD_insert_gamer                         0x00004aeb   Thumb Code    72  lcd_utils.o(.text)
    LCD_draw_wall                            0x00004b33   Thumb Code   176  lcd_utils.o(.text)
    LCD_redraw_all_walls                     0x00004be3   Thumb Code   112  lcd_utils.o(.text)
    LCD_draw_message                         0x00004c53   Thumb Code    80  lcd_utils.o(.text)
    LCD_scoreboard_write_text                0x00004ca3   Thumb Code    66  lcd_utils.o(.text)
    LCD_scoreboard_update_time               0x00004ce5   Thumb Code    30  lcd_utils.o(.text)
    LCD_scoreboard_update_walls_left         0x00004d03   Thumb Code    36  lcd_utils.o(.text)
    LCD_scoreboard_init                      0x00004d27   Thumb Code   110  lcd_utils.o(.text)
    LCD_scoreboard_display_turn              0x00004d95   Thumb Code    60  lcd_utils.o(.text)
    LCD_draw_enable_movements                0x00004dd1   Thumb Code   516  lcd_utils.o(.text)
    LCD_color_rect                           0x00004fd5   Thumb Code   140  lcd_utils.o(.text)
    LCD_game_mode                            0x00005061   Thumb Code   354  lcd_utils.o(.text)
    LCD_player_menu                          0x000051c3   Thumb Code   276  lcd_utils.o(.text)
    init_game_matrix                         0x00005399   Thumb Code    90  game_utils.o(.text)
    set_game_matrix                          0x000053f3   Thumb Code    20  game_utils.o(.text)
    get_index_13matrix_from_7matrix          0x00005407   Thumb Code    20  game_utils.o(.text)
    remove_player_matrix                     0x0000541b   Thumb Code    38  game_utils.o(.text)
    has_won                                  0x00005441   Thumb Code    76  game_utils.o(.text)
    draw_victory_msg                         0x0000548d   Thumb Code   104  game_utils.o(.text)
    get_index_7matrix_from_13matrix          0x000054f5   Thumb Code    32  game_utils.o(.text)
    get_universal_format_from_13matrix       0x00005515   Thumb Code   212  game_utils.o(.text)
    get_13matrix_from_universal_format       0x000055e9   Thumb Code   106  game_utils.o(.text)
    check_movement                           0x00005653   Thumb Code   158  game_utils.o(.text)
    check_other_player                       0x000056f1   Thumb Code   158  game_utils.o(.text)
    check_oblique_movement                   0x0000578f   Thumb Code   468  game_utils.o(.text)
    can_reach_goal_from                      0x00005963   Thumb Code   196  game_utils.o(.text)
    is_player_trapped                        0x00005a27   Thumb Code   104  game_utils.o(.text)
    remove_wall                              0x00005a8f   Thumb Code   156  game_utils.o(.text)
    place_wall                               0x00005b2b   Thumb Code   156  game_utils.o(.text)
    is_wall_placement_possible               0x00005bc7   Thumb Code   422  game_utils.o(.text)
    rotate_wall                              0x00005d6d   Thumb Code   112  game_utils.o(.text)
    isEmpty                                  0x00005ddd   Thumb Code    14  game_utils.o(.text)
    enqueue                                  0x00005deb   Thumb Code    28  game_utils.o(.text)
    dequeue                                  0x00005e07   Thumb Code    36  game_utils.o(.text)
    calculate_shortest_path                  0x00005e2b   Thumb Code   700  game_utils.o(.text)
    get_best_wall_position                   0x000060e7   Thumb Code   238  game_utils.o(.text)
    make_NPC_turn                            0x000061d5   Thumb Code   320  game_utils.o(.text)
    set_player_turn                          0x00006315   Thumb Code   244  game_utils.o(.text)
    __save_move                              0x00006409   Thumb Code   140  game_utils.o(.text)
    save_wall_move                           0x00006495   Thumb Code    40  game_utils.o(.text)
    save_player_move                         0x000064bd   Thumb Code    38  game_utils.o(.text)
    save_skipped_move                        0x000064e3   Thumb Code    18  game_utils.o(.text)
    update_player_status                     0x000064f5   Thumb Code   118  game_utils.o(.text)
    update_game_matrix                       0x0000656b   Thumb Code   110  game_utils.o(.text)
    draw_updated_game_matrix                 0x000065d9   Thumb Code   146  game_utils.o(.text)
    decode_received_move_from_CAN            0x0000666b   Thumb Code   268  game_utils.o(.text)
    start_game                               0x00006777   Thumb Code   138  game_utils.o(.text)
    get_match_for_timer                      0x00006821   Thumb Code   194  timers_utils.o(.text)
    CAN_send_handshake                       0x000068f1   Thumb Code    30  can_utils.o(.text)
    CAN_send_current_board_ready             0x0000690f   Thumb Code    32  can_utils.o(.text)
    BUTTON_init                              0x0000697f   Thumb Code   124  buttons.o(.text)
    INT0_Callback                            0x000069fb   Thumb Code    12  buttons.o(.text)
    KEY1_Callback                            0x00006a07   Thumb Code   214  buttons.o(.text)
    KEY2_Callback                            0x00006add   Thumb Code    18  buttons.o(.text)
    EINT3_Callback                           0x00006aef   Thumb Code     2  buttons.o(.text)
    EINT0_IRQHandler                         0x00006b6f   Thumb Code    42  irq_buttons.o(.text)
    EINT1_IRQHandler                         0x00006b99   Thumb Code    42  irq_buttons.o(.text)
    EINT2_IRQHandler                         0x00006bc3   Thumb Code    42  irq_buttons.o(.text)
    RIT_IRQHandler                           0x00006c2b   Thumb Code   670  irq_rit.o(.text)
    enable_RIT                               0x00006f19   Thumb Code    14  lib_rit.o(.text)
    disable_RIT                              0x00006f27   Thumb Code    14  lib_rit.o(.text)
    reset_RIT                                0x00006f35   Thumb Code     8  lib_rit.o(.text)
    init_RIT                                 0x00006f3d   Thumb Code   106  lib_rit.o(.text)
    joystick_init                            0x00006fb5   Thumb Code   122  joystick.o(.text)
    JOY_Handle_Movement_Mode                 0x0000702f   Thumb Code   696  joystick.o(.text)
    JOY_UL_Callback                          0x000072e7   Thumb Code    16  joystick.o(.text)
    JOY_UR_Callback                          0x000072f7   Thumb Code    16  joystick.o(.text)
    JOY_DL_Callback                          0x00007307   Thumb Code    16  joystick.o(.text)
    JOY_DR_Callback                          0x00007317   Thumb Code    16  joystick.o(.text)
    JOYSEL_Callback                          0x00007327   Thumb Code   648  joystick.o(.text)
    JOY_handle_wall_movement                 0x000075af   Thumb Code   382  joystick.o(.text)
    JOYDOWN_Callback                         0x0000772d   Thumb Code    84  joystick.o(.text)
    JOYUP_Callback                           0x00007781   Thumb Code   200  joystick.o(.text)
    JOYLEFT_Callback                         0x00007849   Thumb Code    24  joystick.o(.text)
    JOYRIGHT_Callback                        0x00007861   Thumb Code    24  joystick.o(.text)
    CAN_setup                                0x000078e9   Thumb Code   140  lib_can.o(.text)
    CAN_start                                0x00007975   Thumb Code    18  lib_can.o(.text)
    CAN_waitReady                            0x00007987   Thumb Code    26  lib_can.o(.text)
    CAN_wrMsg                                0x000079a1   Thumb Code    84  lib_can.o(.text)
    CAN_rdMsg                                0x000079f5   Thumb Code    52  lib_can.o(.text)
    CAN_wrFilter                             0x00007a29   Thumb Code   822  lib_can.o(.text)
    CAN_Init                                 0x00007d5f   Thumb Code    72  lib_can.o(.text)
    on_CAN1_receive                          0x00007db9   Thumb Code   188  can_callbacks.o(.text)
    on_CAN1_send                             0x00007e75   Thumb Code     2  can_callbacks.o(.text)
    on_CAN2_receive                          0x00007e77   Thumb Code     2  can_callbacks.o(.text)
    on_CAN2_send                             0x00007e79   Thumb Code     2  can_callbacks.o(.text)
    CAN_IRQHandler                           0x00007e95   Thumb Code    64  irq_can.o(.text)
    _printf_pre_padding                      0x00007ee1   Thumb Code    44  _printf_pad.o(.text)
    _printf_post_padding                     0x00007f0d   Thumb Code    34  _printf_pad.o(.text)
    _printf_str                              0x00007f2f   Thumb Code    82  _printf_str.o(.text)
    _printf_int_dec                          0x00007f81   Thumb Code   104  _printf_dec.o(.text)
    __printf                                 0x00007ff9   Thumb Code   308  __printf_flags_wp.o(.text)
    srand                                    0x00008131   Thumb Code    42  rand.o(.text)
    _rand_init                               0x0000815b   Thumb Code     4  rand.o(.text)
    __aeabi_memcpy                           0x0000816d   Thumb Code     0  rt_memcpy_v6.o(.text)
    __rt_memcpy                              0x0000816d   Thumb Code   138  rt_memcpy_v6.o(.text)
    _memcpy_lastbytes                        0x000081d3   Thumb Code     0  rt_memcpy_v6.o(.text)
    __aeabi_memcpy4                          0x000081f7   Thumb Code     0  rt_memcpy_w.o(.text)
    __aeabi_memcpy8                          0x000081f7   Thumb Code     0  rt_memcpy_w.o(.text)
    __rt_memcpy_w                            0x000081f7   Thumb Code   100  rt_memcpy_w.o(.text)
    _memcpy_lastbytes_aligned                0x0000823f   Thumb Code     0  rt_memcpy_w.o(.text)
    _printf_int_common                       0x0000825b   Thumb Code   178  _printf_intcommon.o(.text)
    _printf_char_common                      0x00008317   Thumb Code    32  _printf_char_common.o(.text)
    _sputc                                   0x0000833d   Thumb Code    10  _sputc.o(.text)
    _printf_cs_common                        0x00008347   Thumb Code    20  _printf_char.o(.text)
    _printf_char                             0x0000835b   Thumb Code    16  _printf_char.o(.text)
    _printf_string                           0x0000836b   Thumb Code     8  _printf_char.o(.text)
    __user_setup_stackheap                   0x00008373   Thumb Code    74  sys_stackheap_outer.o(.text)
    exit                                     0x000083bd   Thumb Code    18  exit.o(.text)
    __user_libspace                          0x000083d1   Thumb Code     8  libspace.o(.text)
    __user_perproc_libspace                  0x000083d1   Thumb Code     0  libspace.o(.text)
    __user_perthread_libspace                0x000083d1   Thumb Code     0  libspace.o(.text)
    _sys_exit                                0x000083d9   Thumb Code     8  sys_exit.o(.text)
    _is_digit                                0x000083e5   Thumb Code    14  __printf_wp.o(i._is_digit)
    __aeabi_ddiv                             0x000083f5   Thumb Code     0  ddiv.o(x$fpl$ddiv)
    _ddiv                                    0x000083f5   Thumb Code   552  ddiv.o(x$fpl$ddiv)
    __aeabi_d2uiz                            0x000086a5   Thumb Code     0  dfixu.o(x$fpl$dfixu)
    _dfixu                                   0x000086a5   Thumb Code    90  dfixu.o(x$fpl$dfixu)
    __aeabi_ui2d                             0x000086ff   Thumb Code     0  dflt_clz.o(x$fpl$dfltu)
    _dfltu                                   0x000086ff   Thumb Code    38  dflt_clz.o(x$fpl$dfltu)
    __aeabi_dmul                             0x00008725   Thumb Code     0  dmul.o(x$fpl$dmul)
    _dmul                                    0x00008725   Thumb Code   332  dmul.o(x$fpl$dmul)
    __fpl_dnaninf                            0x00008879   Thumb Code   156  dnaninf.o(x$fpl$dnaninf)
    __fpl_dretinf                            0x00008915   Thumb Code    12  dretinf.o(x$fpl$dretinf)
    CAN_BIT_TIME                             0x00008f48   Data          68  lib_can.o(.constdata)
    Region$$Table$$Base                      0x00008fa0   Number         0  anon$$obj.o(Region$$Table)
    Region$$Table$$Limit                     0x00008fd0   Number         0  anon$$obj.o(Region$$Table)
    SystemFrequency                          0x2007c000   Data           4  system_lpc17xx.o(.data)
    is_game_started                          0x2007c008   Data           1  game_utils.o(.data)
    turn_time_left                           0x2007c009   Data           1  game_utils.o(.data)
    is_player1_turn                          0x2007c00a   Data           1  game_utils.o(.data)
    is_movement_mode                         0x2007c00b   Data           1  game_utils.o(.data)
    is_wall_horizontal                       0x2007c00c   Data           1  game_utils.o(.data)
    tmp_wall_position                        0x2007c010   Data           8  game_utils.o(.data)
    wanted_movement                          0x2007c018   Data           1  game_utils.o(.data)
    wanted_movement_matrix_position          0x2007c01c   Data           8  game_utils.o(.data)
    is_double_movement_mode                  0x2007c024   Data           1  game_utils.o(.data)
    is_game_menu                             0x2007c025   Data           1  game_utils.o(.data)
    is_board_choice                          0x2007c026   Data           1  game_utils.o(.data)
    is_single_board                          0x2007c027   Data           1  game_utils.o(.data)
    is_human                                 0x2007c028   Data           1  game_utils.o(.data)
    this_board_player_id                     0x2007c029   Data           1  can_utils.o(.data)
    remote_board_status                      0x2007c02a   Data           1  can_utils.o(.data)
    curr_board_ready                         0x2007c02b   Data           1  can_utils.o(.data)
    other_board_ready                        0x2007c02c   Data           1  can_utils.o(.data)
    int0_down                                0x2007c030   Data           4  irq_rit.o(.data)
    key1_down                                0x2007c034   Data           4  irq_rit.o(.data)
    key2_down                                0x2007c038   Data           4  irq_rit.o(.data)
    icr                                      0x2007c060   Data           1  lib_can.o(.data)
    result                                   0x2007c064   Data           4  lib_can.o(.data)
    game_matrix                              0x2007c07c   Data         169  game_utils.o(.bss)
    player1_status                           0x2007c128   Data          12  game_utils.o(.bss)
    player2_status                           0x2007c134   Data          12  game_utils.o(.bss)
    visited                                  0x2007c140   Data          49  game_utils.o(.bss)
    CAN_TxMsg                                0x2007c174   Data          16  lib_can.o(.bss)
    CAN_RxMsg                                0x2007c184   Data          16  lib_can.o(.bss)
    _random_number_data                      0x2007c194   Data         228  rand.o(.bss)
    __libspace_start                         0x2007c278   Data          96  libspace.o(.bss)
    __temporary_stack_top$libspace           0x2007c2d8   Data           0  libspace.o(.bss)



==============================================================================

Memory Map of the image

  Image Entry point : 0x000000cd

  Load Region LR_IROM1 (Base: 0x00000000, Size: 0x00009040, Max: 0x00080000, ABSOLUTE)

    Execution Region ER_IROM1 (Exec base: 0x00000000, Load base: 0x00000000, Size: 0x00008fd0, Max: 0x00080000, ABSOLUTE)

    Exec Addr    Load Addr    Size         Type   Attr      Idx    E Section Name        Object

    0x00000000   0x00000000   0x000000cc   Data   RO            3    RESET               startup_lpc17xx.o
    0x000000cc   0x000000cc   0x00000008   Code   RO          877  * !!!main             c_w.l(__main.o)
    0x000000d4   0x000000d4   0x00000034   Code   RO         1068    !!!scatter          c_w.l(__scatter.o)
    0x00000108   0x00000108   0x0000001a   Code   RO         1070    !!handler_copy      c_w.l(__scatter_copy.o)
    0x00000122   0x00000122   0x00000002   PAD
    0x00000124   0x00000124   0x0000001c   Code   RO         1072    !!handler_zi        c_w.l(__scatter_zi.o)
    0x00000140   0x00000140   0x00000000   Code   RO          865    .ARM.Collect$$_printf_percent$$00000000  c_w.l(_printf_percent.o)
    0x00000140   0x00000140   0x00000006   Code   RO          864    .ARM.Collect$$_printf_percent$$00000009  c_w.l(_printf_d.o)
    0x00000146   0x00000146   0x00000006   Code   RO          863    .ARM.Collect$$_printf_percent$$00000014  c_w.l(_printf_s.o)
    0x0000014c   0x0000014c   0x00000004   Code   RO          904    .ARM.Collect$$_printf_percent$$00000017  c_w.l(_printf_percent_end.o)
    0x00000150   0x00000150   0x00000002   Code   RO          989    .ARM.Collect$$libinit$$00000000  c_w.l(libinit.o)
    0x00000152   0x00000152   0x00000000   Code   RO          906    .ARM.Collect$$libinit$$00000002  c_w.l(libinit2.o)
    0x00000152   0x00000152   0x00000000   Code   RO          908    .ARM.Collect$$libinit$$00000004  c_w.l(libinit2.o)
    0x00000152   0x00000152   0x00000000   Code   RO          911    .ARM.Collect$$libinit$$0000000A  c_w.l(libinit2.o)
    0x00000152   0x00000152   0x00000000   Code   RO          913    .ARM.Collect$$libinit$$0000000C  c_w.l(libinit2.o)
    0x00000152   0x00000152   0x00000004   Code   RO          914    .ARM.Collect$$libinit$$0000000D  c_w.l(libinit2.o)
    0x00000156   0x00000156   0x00000000   Code   RO          915    .ARM.Collect$$libinit$$0000000E  c_w.l(libinit2.o)
    0x00000156   0x00000156   0x00000000   Code   RO          918    .ARM.Collect$$libinit$$00000011  c_w.l(libinit2.o)
    0x00000156   0x00000156   0x00000000   Code   RO          920    .ARM.Collect$$libinit$$00000013  c_w.l(libinit2.o)
    0x00000156   0x00000156   0x00000000   Code   RO          922    .ARM.Collect$$libinit$$00000015  c_w.l(libinit2.o)
    0x00000156   0x00000156   0x00000000   Code   RO          924    .ARM.Collect$$libinit$$00000017  c_w.l(libinit2.o)
    0x00000156   0x00000156   0x00000000   Code   RO          926    .ARM.Collect$$libinit$$00000019  c_w.l(libinit2.o)
    0x00000156   0x00000156   0x00000000   Code   RO          928    .ARM.Collect$$libinit$$0000001B  c_w.l(libinit2.o)
    0x00000156   0x00000156   0x00000000   Code   RO          930    .ARM.Collect$$libinit$$0000001D  c_w.l(libinit2.o)
    0x00000156   0x00000156   0x00000000   Code   RO          932    .ARM.Collect$$libinit$$0000001F  c_w.l(libinit2.o)
    0x00000156   0x00000156   0x00000000   Code   RO          934    .ARM.Collect$$libinit$$00000021  c_w.l(libinit2.o)
    0x00000156   0x00000156   0x00000000   Code   RO          936    .ARM.Collect$$libinit$$00000023  c_w.l(libinit2.o)
    0x00000156   0x00000156   0x00000000   Code   RO          938    .ARM.Collect$$libinit$$00000025  c_w.l(libinit2.o)
    0x00000156   0x00000156   0x00000000   Code   RO          942    .ARM.Collect$$libinit$$0000002C  c_w.l(libinit2.o)
    0x00000156   0x00000156   0x00000000   Code   RO          944    .ARM.Collect$$libinit$$0000002E  c_w.l(libinit2.o)
    0x00000156   0x00000156   0x00000000   Code   RO          946    .ARM.Collect$$libinit$$00000030  c_w.l(libinit2.o)
    0x00000156   0x00000156   0x00000000   Code   RO          948    .ARM.Collect$$libinit$$00000032  c_w.l(libinit2.o)
    0x00000156   0x00000156   0x00000002   Code   RO          949    .ARM.Collect$$libinit$$00000033  c_w.l(libinit2.o)
    0x00000158   0x00000158   0x00000002   Code   RO         1027    .ARM.Collect$$libshutdown$$00000000  c_w.l(libshutdown.o)
    0x0000015a   0x0000015a   0x00000000   Code   RO         1033    .ARM.Collect$$libshutdown$$00000002  c_w.l(libshutdown2.o)
    0x0000015a   0x0000015a   0x00000000   Code   RO         1035    .ARM.Collect$$libshutdown$$00000004  c_w.l(libshutdown2.o)
    0x0000015a   0x0000015a   0x00000000   Code   RO         1037    .ARM.Collect$$libshutdown$$00000006  c_w.l(libshutdown2.o)
    0x0000015a   0x0000015a   0x00000000   Code   RO         1040    .ARM.Collect$$libshutdown$$00000009  c_w.l(libshutdown2.o)
    0x0000015a   0x0000015a   0x00000000   Code   RO         1043    .ARM.Collect$$libshutdown$$0000000C  c_w.l(libshutdown2.o)
    0x0000015a   0x0000015a   0x00000000   Code   RO         1045    .ARM.Collect$$libshutdown$$0000000E  c_w.l(libshutdown2.o)
    0x0000015a   0x0000015a   0x00000000   Code   RO         1048    .ARM.Collect$$libshutdown$$00000011  c_w.l(libshutdown2.o)
    0x0000015a   0x0000015a   0x00000002   Code   RO         1049    .ARM.Collect$$libshutdown$$00000012  c_w.l(libshutdown2.o)
    0x0000015c   0x0000015c   0x00000000   Code   RO          895    .ARM.Collect$$rtentry$$00000000  c_w.l(__rtentry.o)
    0x0000015c   0x0000015c   0x00000000   Code   RO          956    .ARM.Collect$$rtentry$$00000002  c_w.l(__rtentry2.o)
    0x0000015c   0x0000015c   0x00000006   Code   RO          968    .ARM.Collect$$rtentry$$00000004  c_w.l(__rtentry4.o)
    0x00000162   0x00000162   0x00000000   Code   RO          958    .ARM.Collect$$rtentry$$00000009  c_w.l(__rtentry2.o)
    0x00000162   0x00000162   0x00000004   Code   RO          959    .ARM.Collect$$rtentry$$0000000A  c_w.l(__rtentry2.o)
    0x00000166   0x00000166   0x00000000   Code   RO          961    .ARM.Collect$$rtentry$$0000000C  c_w.l(__rtentry2.o)
    0x00000166   0x00000166   0x00000008   Code   RO          962    .ARM.Collect$$rtentry$$0000000D  c_w.l(__rtentry2.o)
    0x0000016e   0x0000016e   0x00000002   Code   RO          995    .ARM.Collect$$rtexit$$00000000  c_w.l(rtexit.o)
    0x00000170   0x00000170   0x00000000   Code   RO         1007    .ARM.Collect$$rtexit$$00000002  c_w.l(rtexit2.o)
    0x00000170   0x00000170   0x00000004   Code   RO         1008    .ARM.Collect$$rtexit$$00000003  c_w.l(rtexit2.o)
    0x00000174   0x00000174   0x00000006   Code   RO         1009    .ARM.Collect$$rtexit$$00000004  c_w.l(rtexit2.o)
    0x0000017a   0x0000017a   0x00000002   PAD
    0x0000017c   0x0000017c   0x00000034   Code   RO          866    .emb_text           c_w.l(rand.o)
    0x000001b0   0x000001b0   0x00000038   Code   RO            5    .text               startup_lpc17xx.o
    0x000001e8   0x000001e8   0x000000c0   Code   RO           16    .text               main.o
    0x000002a8   0x000002a8   0x00000020   Code   RO          255    .text               asciilib.o
    0x000002c8   0x000002c8   0x00000028   Code   RO          833    .text               c_w.l(noretval__2sprintf.o)
    0x000002f0   0x000002f0   0x00000006   Code   RO          875    .text               c_w.l(heapauxi.o)
    0x000002f6   0x000002f6   0x00000002   Code   RO         1003    .text               c_w.l(use_no_semi.o)
    0x000002f8   0x000002f8   0x00000000   Code   RO         1005    .text               c_w.l(indicate_semi.o)
    0x000002f8   0x000002f8   0x00000000   Code   RO          954    x$fpl$usenofp       fz_ws.l(usenofp.o)
    0x000002f8   0x000002f8   0x00000004   PAD
    0x000002fc   0x000002fc   0x00000004   Code   RO            4    .ARM.__at_0x02FC    startup_lpc17xx.o
    0x00000300   0x00000300   0x0000022c   Code   RO          130    .text               system_lpc17xx.o
    0x0000052c   0x0000052c   0x000000dc   Code   RO          157    .text               irq_timer.o
    0x00000608   0x00000608   0x00000130   Code   RO          226    .text               lib_timer.o
    0x00000738   0x00000738   0x000040e4   Code   RO          275    .text               glcd.o
    0x0000481c   0x0000481c   0x00000b7c   Code   RO          321    .text               lcd_utils.o
    0x00005398   0x00005398   0x00001488   Code   RO          378    .text               game_utils.o
    0x00006820   0x00006820   0x000000d0   Code   RO          427    .text               timers_utils.o
    0x000068f0   0x000068f0   0x0000004c   Code   RO          455    .text               can_utils.o
    0x0000693c   0x0000693c   0x00000214   Code   RO          485    .text               buttons.o
    0x00006b50   0x00006b50   0x000000b8   Code   RO          547    .text               irq_buttons.o
    0x00006c08   0x00006c08   0x00000310   Code   RO          582    .text               irq_rit.o
    0x00006f18   0x00006f18   0x0000009c   Code   RO          649    .text               lib_rit.o
    0x00006fb4   0x00006fb4   0x000008cc   Code   RO          677    .text               joystick.o
    0x00007880   0x00007880   0x00000538   Code   RO          728    .text               lib_can.o
    0x00007db8   0x00007db8   0x000000dc   Code   RO          760    .text               can_callbacks.o
    0x00007e94   0x00007e94   0x0000004c   Code   RO          808    .text               irq_can.o
    0x00007ee0   0x00007ee0   0x0000004e   Code   RO          837    .text               c_w.l(_printf_pad.o)
    0x00007f2e   0x00007f2e   0x00000052   Code   RO          839    .text               c_w.l(_printf_str.o)
    0x00007f80   0x00007f80   0x00000078   Code   RO          841    .text               c_w.l(_printf_dec.o)
    0x00007ff8   0x00007ff8   0x00000138   Code   RO          855    .text               c_w.l(__printf_flags_wp.o)
    0x00008130   0x00008130   0x0000003c   Code   RO          867    .text               c_w.l(rand.o)
    0x0000816c   0x0000816c   0x0000008a   Code   RO          871    .text               c_w.l(rt_memcpy_v6.o)
    0x000081f6   0x000081f6   0x00000064   Code   RO          873    .text               c_w.l(rt_memcpy_w.o)
    0x0000825a   0x0000825a   0x000000b2   Code   RO          896    .text               c_w.l(_printf_intcommon.o)
    0x0000830c   0x0000830c   0x00000030   Code   RO          898    .text               c_w.l(_printf_char_common.o)
    0x0000833c   0x0000833c   0x0000000a   Code   RO          900    .text               c_w.l(_sputc.o)
    0x00008346   0x00008346   0x0000002c   Code   RO          902    .text               c_w.l(_printf_char.o)
    0x00008372   0x00008372   0x0000004a   Code   RO          976    .text               c_w.l(sys_stackheap_outer.o)
    0x000083bc   0x000083bc   0x00000012   Code   RO          978    .text               c_w.l(exit.o)
    0x000083ce   0x000083ce   0x00000002   PAD
    0x000083d0   0x000083d0   0x00000008   Code   RO          992    .text               c_w.l(libspace.o)
    0x000083d8   0x000083d8   0x0000000c   Code   RO         1019    .text               c_w.l(sys_exit.o)
    0x000083e4   0x000083e4   0x0000000e   Code   RO          853    i._is_digit         c_w.l(__printf_wp.o)
    0x000083f2   0x000083f2   0x00000002   PAD
    0x000083f4   0x000083f4   0x000002b0   Code   RO          880    x$fpl$ddiv          fz_ws.l(ddiv.o)
    0x000086a4   0x000086a4   0x0000005a   Code   RO          883    x$fpl$dfixu         fz_ws.l(dfixu.o)
    0x000086fe   0x000086fe   0x00000026   Code   RO          887    x$fpl$dfltu         fz_ws.l(dflt_clz.o)
    0x00008724   0x00008724   0x00000154   Code   RO          893    x$fpl$dmul          fz_ws.l(dmul.o)
    0x00008878   0x00008878   0x0000009c   Code   RO          950    x$fpl$dnaninf       fz_ws.l(dnaninf.o)
    0x00008914   0x00008914   0x0000000c   Code   RO          952    x$fpl$dretinf       fz_ws.l(dretinf.o)
    0x00008920   0x00008920   0x000005f0   Data   RO          256    .constdata          asciilib.o
    0x00008f10   0x00008f10   0x00000036   Data   RO          323    .constdata          lcd_utils.o
    0x00008f46   0x00008f46   0x00000002   PAD
    0x00008f48   0x00008f48   0x00000044   Data   RO          730    .constdata          lib_can.o
    0x00008f8c   0x00008f8c   0x00000011   Data   RO          856    .constdata          c_w.l(__printf_flags_wp.o)
    0x00008f9d   0x00008f9d   0x00000003   PAD
    0x00008fa0   0x00008fa0   0x00000030   Data   RO         1066    Region$$Table       anon$$obj.o


    Execution Region RW_IRAM1 (Exec base: 0x10000000, Load base: 0x00008fd0, Size: 0x00008000, Max: 0x00008000, ABSOLUTE)

    Exec Addr    Load Addr    Size         Type   Attr      Idx    E Section Name        Object

    0x10000000        -       0x00008000   Zero   RW            2    HEAP                startup_lpc17xx.o


    Execution Region RW_IRAM2 (Exec base: 0x2007c000, Load base: 0x00008fd0, Size: 0x000012d8, Max: 0x00008000, ABSOLUTE)

    Exec Addr    Load Addr    Size         Type   Attr      Idx    E Section Name        Object

    0x2007c000   0x00008fd0   0x00000004   Data   RW          131    .data               system_lpc17xx.o
    0x2007c004   0x00008fd4   0x00000001   Data   RW          276    .data               glcd.o
    0x2007c005   0x00008fd5   0x00000003   PAD
    0x2007c008   0x00008fd8   0x00000021   Data   RW          380    .data               game_utils.o
    0x2007c029   0x00008ff9   0x00000004   Data   RW          456    .data               can_utils.o
    0x2007c02d   0x00008ffd   0x00000003   PAD
    0x2007c030   0x00009000   0x00000030   Data   RW          583    .data               irq_rit.o
    0x2007c060   0x00009030   0x00000010   Data   RW          731    .data               lib_can.o
    0x2007c070        -       0x0000000b   Zero   RW          322    .bss                lcd_utils.o
    0x2007c07b   0x00009040   0x00000001   PAD
    0x2007c07c        -       0x000000f5   Zero   RW          379    .bss                game_utils.o
    0x2007c171   0x00009040   0x00000003   PAD
    0x2007c174        -       0x00000020   Zero   RW          729    .bss                lib_can.o
    0x2007c194        -       0x000000e4   Zero   RW          868    .bss                c_w.l(rand.o)
    0x2007c278        -       0x00000060   Zero   RW          993    .bss                c_w.l(libspace.o)
    0x2007c2d8        -       0x00000fff   Zero   RW            1    STACK               startup_lpc17xx.o


==============================================================================

Image component sizes


      Code (inc. data)   RO Data    RW Data    ZI Data      Debug   Object Name

        32          6       1520          0          0        959   asciilib.o
       532         96          0          0          0       2447   buttons.o
       220         26          0          0          0       1764   can_callbacks.o
        76         14          0          4          0       1420   can_utils.o
      5256        198          0         33        245      15024   game_utils.o
     16612        104          0          1          0      40023   glcd.o
       184         28          0          0          0        949   irq_buttons.o
        76         12          0          0          0        445   irq_can.o
       784         80          0         48          0       1565   irq_rit.o
       220         38          0          0          0      18410   irq_timer.o
      2252        156          0          0          0       6192   joystick.o
      2940        272         54          0         11       8322   lcd_utils.o
      1336         66         68         16         32       4360   lib_can.o
       156         14          0          0          0      27419   lib_rit.o
       304         14          0          0          0       1536   lib_timer.o
       192         32          0          0          0       5023   main.o
        60         26        204          0      36863       1004   startup_lpc17xx.o
       556         30          0          4          0        815   system_lpc17xx.o
       208         14          0          0          0       1220   timers_utils.o

    ----------------------------------------------------------------------
     31996       1226       1896        112      37156     138897   Object Totals
         0          0         48          0          0          0   (incl. Generated)
         0          0          2          6          5          0   (incl. Padding)

    ----------------------------------------------------------------------

      Code (inc. data)   RO Data    RW Data    ZI Data      Debug   Library Member Name

         8          0          0          0          0         68   __main.o
       312          4         17          0          0         92   __printf_flags_wp.o
        14          0          0          0          0         68   __printf_wp.o
         0          0          0          0          0          0   __rtentry.o
        12          0          0          0          0          0   __rtentry2.o
         6          0          0          0          0          0   __rtentry4.o
        52          8          0          0          0          0   __scatter.o
        26          0          0          0          0          0   __scatter_copy.o
        28          0          0          0          0          0   __scatter_zi.o
        44          0          0          0          0        108   _printf_char.o
        48          6          0          0          0         96   _printf_char_common.o
         6          0          0          0          0          0   _printf_d.o
       120         16          0          0          0         92   _printf_dec.o
       178          0          0          0          0         88   _printf_intcommon.o
        78          0          0          0          0        108   _printf_pad.o
         0          0          0          0          0          0   _printf_percent.o
         4          0          0          0          0          0   _printf_percent_end.o
         6          0          0          0          0          0   _printf_s.o
        82          0          0          0          0         80   _printf_str.o
        10          0          0          0          0         68   _sputc.o
        18          0          0          0          0         80   exit.o
         6          0          0          0          0        152   heapauxi.o
         0          0          0          0          0          0   indicate_semi.o
         2          0          0          0          0          0   libinit.o
         6          0          0          0          0          0   libinit2.o
         2          0          0          0          0          0   libshutdown.o
         2          0          0          0          0          0   libshutdown2.o
         8          4          0          0         96         68   libspace.o
        40          6          0          0          0         84   noretval__2sprintf.o
       112         18          0          0        228        160   rand.o
       138          0          0          0          0         68   rt_memcpy_v6.o
       100          0          0          0          0         80   rt_memcpy_w.o
         2          0          0          0          0          0   rtexit.o
        10          0          0          0          0          0   rtexit2.o
        12          4          0          0          0         68   sys_exit.o
        74          0          0          0          0         80   sys_stackheap_outer.o
         2          0          0          0          0         68   use_no_semi.o
       688        140          0          0          0        208   ddiv.o
        90          4          0          0          0         92   dfixu.o
        38          0          0          0          0         68   dflt_clz.o
       340         12          0          0          0        104   dmul.o
       156          4          0          0          0         92   dnaninf.o
        12          0          0          0          0         68   dretinf.o
         0          0          0          0          0          0   usenofp.o

    ----------------------------------------------------------------------
      2904        226         20          0        324       2408   Library Totals
        12          0          3          0          0          0   (incl. Padding)

    ----------------------------------------------------------------------

      Code (inc. data)   RO Data    RW Data    ZI Data      Debug   Library Name

      1568         66         17          0        324       1776   c_w.l
      1324        160          0          0          0        632   fz_ws.l

    ----------------------------------------------------------------------
      2904        226         20          0        324       2408   Library Totals

    ----------------------------------------------------------------------

==============================================================================


      Code (inc. data)   RO Data    RW Data    ZI Data      Debug   

     34900       1452       1916        112      37480     138961   Grand Totals
     34900       1452       1916        112      37480     138961   ELF Image Totals
     34900       1452       1916        112          0          0   ROM Totals

==============================================================================

    Total RO  Size (Code + RO Data)                36816 (  35.95kB)
    Total RW  Size (RW Data + ZI Data)             37592 (  36.71kB)
    Total ROM Size (Code + RO Data + RW Data)      36928 (  36.06kB)

==============================================================================

